Archive member included to satisfy reference by file (symbol)

d:/altera/15.0/nios2eds/bin/gnu/h-x86_64-mingw32/bin/../lib/gcc/nios2-elf/4.9.1\libgcc.a(lib2-divmod.o)
                              obj/default/main.o (__divsi3)
d:/altera/15.0/nios2eds/bin/gnu/h-x86_64-mingw32/bin/../lib/gcc/nios2-elf/4.9.1\libgcc.a(divsf3.o)
                              obj/default/terasic_fat/FatFileSystem.o (__divsf3)
d:/altera/15.0/nios2eds/bin/gnu/h-x86_64-mingw32/bin/../lib/gcc/nios2-elf/4.9.1\libgcc.a(mulsf3.o)
                              obj/default/terasic_fat/FatFileSystem.o (__mulsf3)
d:/altera/15.0/nios2eds/bin/gnu/h-x86_64-mingw32/bin/../lib/gcc/nios2-elf/4.9.1\libgcc.a(floatunsisf.o)
                              obj/default/terasic_fat/FatFileSystem.o (__floatunsisf)
d:/altera/15.0/nios2eds/bin/gnu/h-x86_64-mingw32/bin/../lib/gcc/nios2-elf/4.9.1\libgcc.a(divdf3.o)
                              obj/default/terasic_fat/FatFileSystem.o (__divdf3)
d:/altera/15.0/nios2eds/bin/gnu/h-x86_64-mingw32/bin/../lib/gcc/nios2-elf/4.9.1\libgcc.a(extendsfdf2.o)
                              obj/default/terasic_fat/FatFileSystem.o (__extendsfdf2)
d:/altera/15.0/nios2eds/bin/gnu/h-x86_64-mingw32/bin/../lib/gcc/nios2-elf/4.9.1\libgcc.a(truncdfsf2.o)
                              obj/default/terasic_fat/FatFileSystem.o (__truncdfsf2)
d:/altera/15.0/nios2eds/bin/gnu/h-x86_64-mingw32/bin/../lib/gcc/nios2-elf/4.9.1\libgcc.a(_clzsi2.o)
                              d:/altera/15.0/nios2eds/bin/gnu/h-x86_64-mingw32/bin/../lib/gcc/nios2-elf/4.9.1\libgcc.a(divsf3.o) (__clzsi2)
d:/altera/15.0/nios2eds/bin/gnu/h-x86_64-mingw32/bin/../lib/gcc/nios2-elf/4.9.1\libgcc.a(_clz.o)
                              d:/altera/15.0/nios2eds/bin/gnu/h-x86_64-mingw32/bin/../lib/gcc/nios2-elf/4.9.1\libgcc.a(_clzsi2.o) (__clz_tab)
d:/altera/15.0/nios2eds/bin/gnu/h-x86_64-mingw32/bin/../lib/gcc/nios2-elf/4.9.1/../../../../../H-x86_64-mingw32/nios2-elf/lib\libc.a(lib_a-fclose.o)
                              obj/default/terasic_lib/LCD.o (fclose)
d:/altera/15.0/nios2eds/bin/gnu/h-x86_64-mingw32/bin/../lib/gcc/nios2-elf/4.9.1/../../../../../H-x86_64-mingw32/nios2-elf/lib\libc.a(lib_a-fflush.o)
                              d:/altera/15.0/nios2eds/bin/gnu/h-x86_64-mingw32/bin/../lib/gcc/nios2-elf/4.9.1/../../../../../H-x86_64-mingw32/nios2-elf/lib\libc.a(lib_a-fclose.o) (_fflush_r)
d:/altera/15.0/nios2eds/bin/gnu/h-x86_64-mingw32/bin/../lib/gcc/nios2-elf/4.9.1/../../../../../H-x86_64-mingw32/nios2-elf/lib\libc.a(lib_a-findfp.o)
                              d:/altera/15.0/nios2eds/bin/gnu/h-x86_64-mingw32/bin/../lib/gcc/nios2-elf/4.9.1/../../../../../H-x86_64-mingw32/nios2-elf/lib\libc.a(lib_a-fclose.o) (__sinit)
d:/altera/15.0/nios2eds/bin/gnu/h-x86_64-mingw32/bin/../lib/gcc/nios2-elf/4.9.1/../../../../../H-x86_64-mingw32/nios2-elf/lib\libc.a(lib_a-fopen.o)
                              obj/default/terasic_lib/LCD.o (fopen)
d:/altera/15.0/nios2eds/bin/gnu/h-x86_64-mingw32/bin/../lib/gcc/nios2-elf/4.9.1/../../../../../H-x86_64-mingw32/nios2-elf/lib\libc.a(lib_a-freer.o)
                              d:/altera/15.0/nios2eds/bin/gnu/h-x86_64-mingw32/bin/../lib/gcc/nios2-elf/4.9.1/../../../../../H-x86_64-mingw32/nios2-elf/lib\libc.a(lib_a-fclose.o) (_free_r)
d:/altera/15.0/nios2eds/bin/gnu/h-x86_64-mingw32/bin/../lib/gcc/nios2-elf/4.9.1/../../../../../H-x86_64-mingw32/nios2-elf/lib\libc.a(lib_a-fseek.o)
                              d:/altera/15.0/nios2eds/bin/gnu/h-x86_64-mingw32/bin/../lib/gcc/nios2-elf/4.9.1/../../../../../H-x86_64-mingw32/nios2-elf/lib\libc.a(lib_a-fopen.o) (_fseek_r)
d:/altera/15.0/nios2eds/bin/gnu/h-x86_64-mingw32/bin/../lib/gcc/nios2-elf/4.9.1/../../../../../H-x86_64-mingw32/nios2-elf/lib\libc.a(lib_a-fstatr.o)
                              d:/altera/15.0/nios2eds/bin/gnu/h-x86_64-mingw32/bin/../lib/gcc/nios2-elf/4.9.1/../../../../../H-x86_64-mingw32/nios2-elf/lib\libc.a(lib_a-fseek.o) (_fstat_r)
d:/altera/15.0/nios2eds/bin/gnu/h-x86_64-mingw32/bin/../lib/gcc/nios2-elf/4.9.1/../../../../../H-x86_64-mingw32/nios2-elf/lib\libc.a(lib_a-fwalk.o)
                              d:/altera/15.0/nios2eds/bin/gnu/h-x86_64-mingw32/bin/../lib/gcc/nios2-elf/4.9.1/../../../../../H-x86_64-mingw32/nios2-elf/lib\libc.a(lib_a-findfp.o) (_fwalk)
d:/altera/15.0/nios2eds/bin/gnu/h-x86_64-mingw32/bin/../lib/gcc/nios2-elf/4.9.1/../../../../../H-x86_64-mingw32/nios2-elf/lib\libc.a(lib_a-fwrite.o)
                              obj/default/terasic_lib/LCD.o (fwrite)
d:/altera/15.0/nios2eds/bin/gnu/h-x86_64-mingw32/bin/../lib/gcc/nios2-elf/4.9.1/../../../../../H-x86_64-mingw32/nios2-elf/lib\libc.a(lib_a-impure.o)
                              d:/altera/15.0/nios2eds/bin/gnu/h-x86_64-mingw32/bin/../lib/gcc/nios2-elf/4.9.1/../../../../../H-x86_64-mingw32/nios2-elf/lib\libc.a(lib_a-fflush.o) (_global_impure_ptr)
d:/altera/15.0/nios2eds/bin/gnu/h-x86_64-mingw32/bin/../lib/gcc/nios2-elf/4.9.1/../../../../../H-x86_64-mingw32/nios2-elf/lib\libc.a(lib_a-int_errno.o)
[...]
Memory Configuration

Name             Origin             Length             Attributes
reset            0x0000000000080000 0x0000000000000020
onchip_memory2   0x0000000000080020 0x000000000003ffe0
av_tri_s1_cfi_flash_0 0x0000000002000000 0x0000000000800000
*default*        0x0000000000000000 0xffffffffffffffff

Linker script and memory map

LOAD ../DE2_115_SD_Card_Audio_Player_bsp//obj/HAL/src/crt0.o
LOAD obj/default/main.o
LOAD obj/default/terasic_fat/FatFileSystem.o
LOAD obj/default/terasic_fat/FatInternal.o
LOAD obj/default/terasic_lib/AUDIO.o
LOAD obj/default/terasic_lib/I2C.o
LOAD obj/default/terasic_lib/LCD.o
LOAD obj/default/terasic_lib/LED.o
LOAD obj/default/terasic_lib/SEG7.o
LOAD obj/default/terasic_lib/WaveLib.o
LOAD obj/default/terasic_lib/debug.o
LOAD obj/default/terasic_sdcard/crc16.o
LOAD obj/default/terasic_sdcard/crc7.o
LOAD obj/default/terasic_sdcard/sd_hal.o
LOAD obj/default/terasic_sdcard/sd_lib.o
LOAD obj/default/terasic_sdcard/sd_protocol.o
LOAD d:/altera/15.0/nios2eds/bin/gnu/h-x86_64-mingw32/bin/../lib/gcc/nios2-elf/4.9.1/../../../../../H-x86_64-mingw32/nios2-elf/lib\libstdc++.a
LOAD d:/altera/15.0/nios2eds/bin/gnu/h-x86_64-mingw32/bin/../lib/gcc/nios2-elf/4.9.1/../../../../../H-x86_64-mingw32/nios2-elf/lib\libm.a
LOAD d:/altera/15.0/nios2eds/bin/gnu/h-x86_64-mingw32/bin/../lib/gcc/nios2-elf/4.9.1\libgcc.a
START GROUP
LOAD d:/altera/15.0/nios2eds/bin/gnu/h-x86_64-mingw32/bin/../lib/gcc/nios2-elf/4.9.1/../../../../../H-x86_64-mingw32/nios2-elf/lib\libc.a
LOAD d:/altera/15.0/nios2eds/bin/gnu/h-x86_64-mingw32/bin/../lib/gcc/nios2-elf/4.9.1\libgcc.a
LOAD ../DE2_115_SD_Card_Audio_Player_bsp/\libhal_bsp.a
LOAD d:/altera/15.0/nios2eds/bin/gnu/h-x86_64-mingw32/bin/../lib/gcc/nios2-elf/4.9.1/../../../../../H-x86_64-mingw32/nios2-elf/lib\libm.a
END GROUP
LOAD d:/altera/15.0/nios2eds/bin/gnu/h-x86_64-mingw32/bin/../lib/gcc/nios2-elf/4.9.1\libgcc.a
                0x0000000000080000                __alt_mem_onchip_memory2 = 0x80000
                0x0000000002000000                __alt_mem_av_tri_s1_cfi_flash_0 = 0x2000000

.entry          0x0000000000080000       0x20
 *(.entry)
 .entry         0x0000000000080000       0x20 ../DE2_115_SD_Card_Audio_Player_bsp//obj/HAL/src/crt0.o
                0x0000000000080000                __reset

.exceptions     0x0000000000080020      0x220
                0x0000000000080020                PROVIDE (__ram_exceptions_start, ABSOLUTE (.))
                0x0000000000080020                . = ALIGN (0x20)
 *(.irq)
 *(.exceptions.entry.label)
 .exceptions.entry.label
                0x0000000000080020        0x0 ../DE2_115_SD_Card_Audio_Player_bsp/\libhal_bsp.a(alt_irq_entry.o)
                0x0000000000080020                alt_irq_entry
 .exceptions.entry.label
                0x0000000000080020        0x0 ../DE2_115_SD_Card_Audio_Player_bsp/\libhal_bsp.a(alt_exception_entry.o)
                0x0000000000080020                alt_exception
 *(.exceptions.entry.user)
 *(.exceptions.entry.ecc_fatal)
 *(.exceptions.entry)
 .exceptions.entry
                0x0000000000080020       0x54 ../DE2_115_SD_Card_Audio_Player_bsp/\libhal_bsp.a(alt_exception_entry.o)
 *(.exceptions.irqtest.user)
 *(.exceptions.irqtest)
 .exceptions.irqtest
                0x0000000000080074       0x10 ../DE2_115_SD_Card_Audio_Player_bsp/\libhal_bsp.a(alt_irq_entry.o)
 *(.exceptions.irqhandler.user)
 *(.exceptions.irqhandler)
 .exceptions.irqhandler
                0x0000000000080084        0x4 ../DE2_115_SD_Card_Audio_Player_bsp/\libhal_bsp.a(alt_irq_entry.o)
 *(.exceptions.irqreturn.user)
 *(.exceptions.irqreturn)
 .exceptions.irqreturn
                0x0000000000080088        0x4 ../DE2_115_SD_Card_Audio_Player_bsp/\libhal_bsp.a(alt_irq_entry.o)
 *(.exceptions.notirq.label)
 .exceptions.notirq.label
                0x000000000008008c        0x0 ../DE2_115_SD_Card_Audio_Player_bsp/\libhal_bsp.a(alt_irq_entry.o)
 *(.exceptions.notirq.user)
 *(.exceptions.notirq)
 .exceptions.notirq
                0x000000000008008c        0x8 ../DE2_115_SD_Card_Audio_Player_bsp/\libhal_bsp.a(alt_exception_entry.o)
 *(.exceptions.soft.user)
 *(.exceptions.soft)
 *(.exceptions.unknown.user)
 *(.exceptions.unknown)
 .exceptions.unknown
                0x0000000000080094       0x14 ../DE2_115_SD_Card_Audio_Player_bsp/\libhal_bsp.a(alt_exception_entry.o)
 *(.exceptions.exit.label)
 .exceptions.exit.label
                0x00000000000800a8        0x0 ../DE2_115_SD_Card_Audio_Player_bsp/\libhal_bsp.a(alt_irq_entry.o)
 .exceptions.exit.label
                0x00000000000800a8        0x0 ../DE2_115_SD_Card_Audio_Player_bsp/\libhal_bsp.a(alt_exception_entry.o)
 *(.exceptions.exit.user)
 *(.exceptions.exit)
 .exceptions.exit
                0x00000000000800a8       0x54 ../DE2_115_SD_Card_Audio_Player_bsp/\libhal_bsp.a(alt_exception_entry.o)
 *(.exceptions)
 .exceptions    0x00000000000800fc       0xd0 ../DE2_115_SD_Card_Audio_Player_bsp/\libhal_bsp.a(alt_irq_handler.o)
                0x00000000000800fc                alt_irq_handler
 .exceptions    0x00000000000801cc       0x74 ../DE2_115_SD_Card_Audio_Player_bsp/\libhal_bsp.a(alt_instruction_exception_entry.o)
                0x00000000000801cc                alt_instruction_exception_entry
                0x0000000000080240                PROVIDE (__ram_exceptions_end, ABSOLUTE (.))
                0x0000000000080020                PROVIDE (__flash_exceptions_start, LOADADDR (.exceptions))

.text           0x0000000000080240    0x21810
                0x0000000000080240                PROVIDE (stext, ABSOLUTE (.))
 *(.interp)
 *(.hash)
 *(.dynsym)
 *(.dynstr)
 *(.gnu.version)
 *(.gnu.version_d)
 *(.gnu.version_r)
 *(.rel.init)
 *(.rela.init)
 *(.rel.text .rel.text.* .rel.gnu.linkonce.t.*)
 *(.rela.text .rela.text.* .rela.gnu.linkonce.t.*)
 *(.rel.fini)
 *(.rela.fini)
 *(.rel.rodata .rel.rodata.* .rel.gnu.linkonce.r.*)
 *(.rela.rodata .rela.rodata.* .rela.gnu.linkonce.r.*)
 *(.rel.data .rel.data.* .rel.gnu.linkonce.d.*)
 *(.rela.data .rela.data.* .rela.gnu.linkonce.d.*)
 *(.rel.tdata .rel.tdata.* .rel.gnu.linkonce.td.*)
 *(.rela.tdata .rela.tdata.* .rela.gnu.linkonce.td.*)
 *(.rel.tbss .rel.tbss.* .rel.gnu.linkonce.tb.*)
 *(.rela.tbss .rela.tbss.* .rela.gnu.linkonce.tb.*)
 *(.rel.ctors)
 *(.rela.ctors)
 *(.rel.dtors)
 *(.rela.dtors)
 *(.rel.got)
 *(.rela.got)
 *(.rel.sdata .rel.sdata.* .rel.gnu.linkonce.s.*)
 *(.rela.sdata .rela.sdata.* .rela.gnu.linkonce.s.*)
 *(.rel.sbss .rel.sbss.* .rel.gnu.linkonce.sb.*)
 *(.rela.sbss .rela.sbss.* .rela.gnu.linkonce.sb.*)
 *(.rel.sdata2 .rel.sdata2.* .rel.gnu.linkonce.s2.*)
 *(.rela.sdata2 .rela.sdata2.* .rela.gnu.linkonce.s2.*)
 *(.rel.sbss2 .rel.sbss2.* .rel.gnu.linkonce.sb2.*)
 *(.rela.sbss2 .rela.sbss2.* .rela.gnu.linkonce.sb2.*)
 *(.rel.bss .rel.bss.* .rel.gnu.linkonce.b.*)
 *(.rela.bss .rela.bss.* .rela.gnu.linkonce.b.*)
 *(.rel.plt)
 *(.rela.plt)
 *(.rel.dyn)
 *(.init)
 *(.plt)
 *(.text .stub .text.* .gnu.linkonce.t.*)
 .text          0x0000000000080240       0x4c ../DE2_115_SD_Card_Audio_Player_bsp//obj/HAL/src/crt0.o
                0x0000000000080240                _start
 .text          0x000000000008028c     0x2f38 obj/default/main.o
                0x000000000008028c                welcome_display
                0x00000000000802f4                demo_introduce
                0x0000000000080390                update_status
                0x0000000000080474                DisplayTime
                0x00000000000804cc                lcd_open
                0x00000000000804f4                lcd_display
                0x0000000000080528                led_display
                0x0000000000080558                led_display_count
                0x0000000000080590                wait_sdcard_insert
                0x0000000000080630                is_supporrted_sample_rate
                0x00000000000806a0                build_wave_play_list
                0x00000000000813dc                waveplay_start
                0x0000000000081888                waveplay_change_mode
                0x0000000000081ae4                waveplay_execute
                0x0000000000082344                waveplay_stop
                0x0000000000082360                handle_key
                0x0000000000082644                IRDA_init
                0x0000000000082698                handle_IrDA
                0x00000000000829bc                Fat_Test
                0x0000000000082c6c                main
 .text          0x00000000000831c4     0x1348 obj/default/terasic_fat/FatFileSystem.o
                0x00000000000831c4                Fat_Mount
                0x0000000000083208                Fat_Unmount
                0x0000000000083254                Fat_Type
                0x00000000000832c0                Fat_FileBrowseBegin
                0x000000000008332c                Fat_FileBrowseNext
                0x0000000000083758                Fat_FileCount
                0x00000000000837c4                fatSameLongFilename
                0x0000000000083858                fatComposeShortFilename
                0x0000000000083a08                Fat_FileExist
                0x0000000000083ab8                Fat_FileOpen
                0x0000000000083cd8                Fat_FileSize
                0x0000000000083d1c                Fat_FileRead
                0x00000000000841b4                Fat_FileSeek
                0x00000000000842b4                Fat_FileClose
                0x00000000000842f8                Fat_SpeedTest
 .text          0x000000000008450c     0x1808 obj/default/terasic_fat/FatInternal.o
                0x000000000008450c                fat16ClusterType
                0x00000000000845bc                fat32ClusterType
                0x0000000000084688                fatNextCluster
                0x00000000000847f0                fatFindUnusedCluster
                0x0000000000084968                fatDelClusterList
                0x0000000000084b50                fatDumpDate
                0x0000000000084bd8                fatDumpTime
                0x0000000000084c60                fatIsLastDir
                0x0000000000084ca4                fatIsValidDir
                0x0000000000084d4c                fatIsUnusedDir
                0x0000000000084d94                fatDump
                0x00000000000854b8                fatArray2Value
                0x0000000000085540                fatReadSecter
                0x00000000000855d0                fatFindDirectory
                0x000000000008567c                fatFindUnusedDirectory
                0x000000000008578c                fatMount
                0x0000000000085b60                SD_ReadBlock512
                0x0000000000085b9c                SD_WriteBlock512
                0x0000000000085bd8                fatMountSdcard
 .text          0x0000000000085d14      0xd10 obj/default/terasic_lib/AUDIO.o
                0x0000000000085d14                AUDIO_Init
                0x0000000000085e9c                AUDIO_InterfaceActive
                0x0000000000085ee4                AUDIO_MicBoost
                0x0000000000085f5c                AUDIO_AdcEnableHighPassFilter
                0x0000000000085fd4                AUDIO_DacDeemphasisControl
                0x0000000000086084                AUDIO_DacEnableZeroCross
                0x0000000000086164                AUDIO_DacEnableSoftMute
                0x00000000000861f0                AUDIO_MicMute
                0x000000000008627c                AUDIO_LineInMute
                0x000000000008635c                AUDIO_SetInputSource
                0x00000000000863ec                AUDIO_SetSampleRate
                0x00000000000864d0                AUDIO_SetLineInVol
                0x00000000000865e0                AUDIO_SetLineOutVol
                0x00000000000866f0                AUDIO_EnableByPass
                0x000000000008677c                AUDIO_EnableSiteTone
                0x0000000000086808                aduio_RegWrite
                0x00000000000868fc                AUDIO_DacFifoNotFull
                0x0000000000086934                AUDIO_DacFifoSetData
                0x0000000000086978                AUDIO_AdcFifoNotEmpty
                0x00000000000869b0                AUDIO_AdcFifoGetData
                0x00000000000869fc                AUDIO_FifoClear
 .text          0x0000000000086a24      0x718 obj/default/terasic_lib/I2C.o
                0x0000000000086a24                I2C_Write
                0x0000000000086b20                I2C_Read
                0x0000000000086c44                I2C_MultipleRead
                0x0000000000086dbc                i2c_start
                0x0000000000086e44                i2c_stop
                0x0000000000086eb8                i2c_write
                0x0000000000086fe8                i2c_read
 .text          0x000000000008713c      0x16c obj/default/terasic_lib/LCD.o
                0x000000000008713c                LCD_Open
                0x000000000008718c                LCD_TextOut
                0x00000000000871ec                LCD_Clear
                0x000000000008726c                LCD_Close
 .text          0x00000000000872a8      0x130 obj/default/terasic_lib/LED.o
                0x00000000000872a8                LED_AllOn
                0x00000000000872d4                LED_AllOff
                0x0000000000087300                LED_Display
                0x0000000000087350                LED_LightCount
 .text          0x00000000000873d8      0x2b4 obj/default/terasic_lib/SEG7.o
                0x00000000000873d8                SEG7_Clear
                0x000000000008742c                SEG7_Full
                0x0000000000087480                SEG7_Number
                0x00000000000874e8                SEG7_Hex
                0x00000000000875ac                SEG7_Decimal
 .text          0x000000000008768c      0x504 obj/default/terasic_lib/WaveLib.o
                0x000000000008768c                waveGetChunkOffset
                0x00000000000877bc                WAVE_IsWaveFile
                0x0000000000087908                Wave_GetSampleRate
                0x000000000008799c                Wave_GetChannelNum
                0x0000000000087a1c                Wave_GetSampleBitNum
                0x0000000000087a9c                Wave_GetDataByteSize
                0x0000000000087b30                Wave_GetWaveOffset
 .text          0x0000000000087b90      0x1b4 obj/default/terasic_lib/debug.o
                0x0000000000087b90                debug_output
                0x0000000000087bc0                myprintf
                0x0000000000087c2c                myprintf_hexarray
                0x0000000000087cb4                myprintf_dwordarray
 .text          0x0000000000087d44       0xa4 obj/default/terasic_sdcard/crc16.o
                0x0000000000087d44                crc16
 .text          0x0000000000087de8       0xc0 obj/default/terasic_sdcard/crc7.o
                0x0000000000087de8                crc7_byte
                0x0000000000087e38                crc7
 .text          0x0000000000087ea8      0x728 obj/default/terasic_sdcard/sd_hal.o
                0x0000000000087ea8                SDHAL_IsSupport4Bits
                0x0000000000087ed4                SDHAL_Init
                0x0000000000087f40                SDHAL_SendCmd
                0x0000000000088034                SDHAL_GetResponse
                0x0000000000088248                SDHAL_ReadData
                0x0000000000088390                SDHAL_WriteData
                0x0000000000088570                SDHAL_DummyClock
 .text          0x00000000000885d0      0x434 obj/default/terasic_sdcard/sd_lib.o
                0x00000000000885d0                SDLIB_Init
                0x0000000000088904                SDLIB_ReadBlock512
                0x0000000000088984                SDLIB_WriteBlock512
 .text          0x0000000000088a04     0x16a4 obj/default/terasic_sdcard/sd_protocol.o
                0x0000000000088a04                SD_Init
                0x0000000000088a2c                SD_IsSupport4Bits
                0x0000000000088a54                SD_CMD0
                0x0000000000088adc                SD_CMD8
                0x0000000000088c68                SD_CMD55
                0x0000000000088de8                SD_ACMD41
                0x0000000000088f84                SD_CMD2
                0x000000000008911c                SD_CMD3
                0x00000000000892b8                SD_CMD9
                0x0000000000089478                SD_CMD10
                0x0000000000089638                SD_CMD7
                0x00000000000897b8                SD_CMD16
                0x0000000000089958                SD_ACMD6
                0x0000000000089ae4                SD_ACMD42
                0x0000000000089c64                SD_CMD17
                0x0000000000089e0c                SD_CMD24
                0x0000000000089fb4                SD_ReadData
                0x0000000000089ff4                SD_WriteData
                0x000000000008a034                ArrayToU32
 .text          0x000000000008a0a8      0x12c d:/altera/15.0/nios2eds/bin/gnu/h-x86_64-mingw32/bin/../lib/gcc/nios2-elf/4.9.1\libgcc.a(lib2-divmod.o)
                0x000000000008a114                __divsi3
                0x000000000008a168                __modsi3
                0x000000000008a1c4                __udivsi3
                0x000000000008a1cc                __umodsi3
 .text          0x000000000008a1d4      0x450 d:/altera/15.0/nios2eds/bin/gnu/h-x86_64-mingw32/bin/../lib/gcc/nios2-elf/4.9.1\libgcc.a(divsf3.o)
                0x000000000008a1d4                __divsf3
 .text          0x000000000008a624      0x424 d:/altera/15.0/nios2eds/bin/gnu/h-x86_64-mingw32/bin/../lib/gcc/nios2-elf/4.9.1\libgcc.a(mulsf3.o)
                0x000000000008a624                __mulsf3
 .text          0x000000000008aa48      0x110 d:/altera/15.0/nios2eds/bin/gnu/h-x86_64-mingw32/bin/../lib/gcc/nios2-elf/4.9.1\libgcc.a(floatunsisf.o)
                0x000000000008aa48                __floatunsisf
 .text          0x000000000008ab58      0x8cc d:/altera/15.0/nios2eds/bin/gnu/h-x86_64-mingw32/bin/../lib/gcc/nios2-elf/4.9.1\libgcc.a(divdf3.o)
                0x000000000008ab58                __divdf3
 .text          0x000000000008b424      0x110 d:/altera/15.0/nios2eds/bin/gnu/h-x86_64-mingw32/bin/../lib/gcc/nios2-elf/4.9.1\libgcc.a(extendsfdf2.o)
                0x000000000008b424                __extendsfdf2
 .text          0x000000000008b534      0x198 d:/altera/15.0/nios2eds/bin/gnu/h-x86_64-mingw32/bin/../lib/gcc/nios2-elf/4.9.1\libgcc.a(truncdfsf2.o)
                0x000000000008b534                __truncdfsf2
 .text          0x000000000008b6cc       0x64 d:/altera/15.0/nios2eds/bin/gnu/h-x86_64-mingw32/bin/../lib/gcc/nios2-elf/4.9.1\libgcc.a(_clzsi2.o)
                0x000000000008b6cc                __clzsi2
 .text          0x000000000008b730        0x0 d:/altera/15.0/nios2eds/bin/gnu/h-x86_64-mingw32/bin/../lib/gcc/nios2-elf/4.9.1\libgcc.a(_clz.o)
 .text          0x000000000008b730      0x114 d:/altera/15.0/nios2eds/bin/gnu/h-x86_64-mingw32/bin/../lib/gcc/nios2-elf/4.9.1/../../../../../H-x86_64-mingw32/nios2-elf/lib\libc.a(lib_a-fclose.o)
                0x000000000008b730                _fclose_r
                0x000000000008b830                fclose
 .text          0x000000000008b844      0x258 d:/altera/15.0/nios2eds/bin/gnu/h-x86_64-mingw32/bin/../lib/gcc/nios2-elf/4.9.1/../../../../../H-x86_64-mingw32/nios2-elf/lib\libc.a(lib_a-fflush.o)
                0x000000000008b844                _fflush_r
                0x000000000008ba6c                fflush
 .text          0x000000000008ba9c      0x3a0 d:/altera/15.0/nios2eds/bin/gnu/h-x86_64-mingw32/bin/../lib/gcc/nios2-elf/4.9.1/../../../../../H-x86_64-mingw32/nios2-elf/lib\libc.a(lib_a-findfp.o)
                0x000000000008baac                _cleanup_r
                0x000000000008bc58                __sfmoreglue
                0x000000000008bcbc                __sfp
                0x000000000008bdd4                _cleanup
                0x000000000008bdec                __sinit
                0x000000000008bdfc                __sfp_lock_acquire
                0x000000000008be00                __sfp_lock_release
                0x000000000008be04                __sinit_lock_acquire
                0x000000000008be08                __sinit_lock_release
                0x000000000008be0c                __fp_lock_all
                0x000000000008be24                __fp_unlock_all
 .text          0x000000000008be3c      0x10c d:/altera/15.0/nios2eds/bin/gnu/h-x86_64-mingw32/bin/../lib/gcc/nios2-elf/4.9.1/../../../../../H-x86_64-mingw32/nios2-elf/lib\libc.a(lib_a-fopen.o)
                0x000000000008be3c                _fopen_r
                0x000000000008bf2c                fopen
 .text          0x000000000008bf48      0x414 d:/altera/15.0/nios2eds/bin/gnu/h-x86_64-mingw32/bin/../lib/gcc/nios2-elf/4.9.1/../../../../../H-x86_64-mingw32/nios2-elf/lib\libc.a(lib_a-freer.o)
                0x000000000008bf48                _malloc_trim_r
                0x000000000008c06c                _free_r
 .text          0x000000000008c35c      0x478 d:/altera/15.0/nios2eds/bin/gnu/h-x86_64-mingw32/bin/../lib/gcc/nios2-elf/4.9.1/../../../../../H-x86_64-mingw32/nios2-elf/lib\libc.a(lib_a-fseek.o)
                0x000000000008c35c                _fseek_r
                0x000000000008c7b0                fseek
 .text          0x000000000008c7d4       0x58 d:/altera/15.0/nios2eds/bin/gnu/h-x86_64-mingw32/bin/../lib/gcc/nios2-elf/4.9.1/../../../../../H-x86_64-mingw32/nios2-elf/lib\libc.a(lib_a-fstatr.o)
                0x000000000008c7d4                _fstat_r
 .text          0x000000000008c82c      0x170 d:/altera/15.0/nios2eds/bin/gnu/h-x86_64-mingw32/bin/../lib/gcc/nios2-elf/4.9.1/../../../../../H-x86_64-mingw32/nios2-elf/lib\libc.a(lib_a-fwalk.o)
                0x000000000008c82c                _fwalk
                0x000000000008c8e4                _fwalk_reent
 .text          0x000000000008c99c      0x10c d:/altera/15.0/nios2eds/bin/gnu/h-x86_64-mingw32/bin/../lib/gcc/nios2-elf/4.9.1/../../../../../H-x86_64-mingw32/nios2-elf/lib\libc.a(lib_a-fwrite.o)
                0x000000000008c99c                _fwrite_r
                0x000000000008ca68                fwrite
 .text          0x000000000008caa8        0x0 d:/altera/15.0/nios2eds/bin/gnu/h-x86_64-mingw32/bin/../lib/gcc/nios2-elf/4.9.1/../../../../../H-x86_64-mingw32/nios2-elf/lib\libc.a(lib_a-impure.o)
 .text          0x000000000008caa8        0x0 d:/altera/15.0/nios2eds/bin/gnu/h-x86_64-mingw32/bin/../lib/gcc/nios2-elf/4.9.1/../../../../../H-x86_64-mingw32/nios2-elf/lib\libc.a(lib_a-int_errno.o)
 .text          0x000000000008caa8      0x1b8 d:/altera/15.0/nios2eds/bin/gnu/h-x86_64-mingw32/bin/../lib/gcc/nios2-elf/4.9.1/../../../../../H-x86_64-mingw32/nios2-elf/lib\libc.a(lib_a-makebuf.o)
                0x000000000008caa8                __smakebuf_r
 .text          0x000000000008cc60       0x28 d:/altera/15.0/nios2eds/bin/gnu/h-x86_64-mingw32/bin/../lib/gcc/nios2-elf/4.9.1/../../../../../H-x86_64-mingw32/nios2-elf/lib\libc.a(lib_a-malloc.o)
                0x000000000008cc60                malloc
                0x000000000008cc74                free
 .text          0x000000000008cc88      0x7a8 d:/altera/15.0/nios2eds/bin/gnu/h-x86_64-mingw32/bin/../lib/gcc/nios2-elf/4.9.1/../../../../../H-x86_64-mingw32/nios2-elf/lib\libc.a(lib_a-mallocr.o)
                0x000000000008cc88                _malloc_r
 .text          0x000000000008d430      0x138 d:/altera/15.0/nios2eds/bin/gnu/h-x86_64-mingw32/bin/../lib/gcc/nios2-elf/4.9.1/../../../../../H-x86_64-mingw32/nios2-elf/lib\libc.a(lib_a-memcpy.o)
                0x000000000008d430                memcpy
 .text          0x000000000008d568      0x124 d:/altera/15.0/nios2eds/bin/gnu/h-x86_64-mingw32/bin/../lib/gcc/nios2-elf/4.9.1/../../../../../H-x86_64-mingw32/nios2-elf/lib\libc.a(lib_a-memset.o)
                0x000000000008d568                memset
 .text          0x000000000008d68c       0x5c d:/altera/15.0/nios2eds/bin/gnu/h-x86_64-mingw32/bin/../lib/gcc/nios2-elf/4.9.1/../../../../../H-x86_64-mingw32/nios2-elf/lib\libc.a(lib_a-openr.o)
                0x000000000008d68c                _open_r
 .text          0x000000000008d6e8       0x68 d:/altera/15.0/nios2eds/bin/gnu/h-x86_64-mingw32/bin/../lib/gcc/nios2-elf/4.9.1/../../../../../H-x86_64-mingw32/nios2-elf/lib\libc.a(lib_a-printf.o)
                0x000000000008d6e8                _printf_r
                0x000000000008d714                printf
 .text          0x000000000008d750       0x20 d:/altera/15.0/nios2eds/bin/gnu/h-x86_64-mingw32/bin/../lib/gcc/nios2-elf/4.9.1/../../../../../H-x86_64-mingw32/nios2-elf/lib\libc.a(lib_a-putchar.o)
                0x000000000008d750                _putchar_r
                0x000000000008d758                putchar
 .text          0x000000000008d770       0xcc d:/altera/15.0/nios2eds/bin/gnu/h-x86_64-mingw32/bin/../lib/gcc/nios2-elf/4.9.1/../../../../../H-x86_64-mingw32/nios2-elf/lib\libc.a(lib_a-puts.o)
                0x000000000008d770                _puts_r
                0x000000000008d828                puts
 .text          0x000000000008d83c      0x1c4 d:/altera/15.0/nios2eds/bin/gnu/h-x86_64-mingw32/bin/../lib/gcc/nios2-elf/4.9.1/../../../../../H-x86_64-mingw32/nios2-elf/lib\libc.a(lib_a-refill.o)
                0x000000000008d858                __srefill_r
 .text          0x000000000008da00       0x54 d:/altera/15.0/nios2eds/bin/gnu/h-x86_64-mingw32/bin/../lib/gcc/nios2-elf/4.9.1/../../../../../H-x86_64-mingw32/nios2-elf/lib\libc.a(lib_a-sbrkr.o)
                0x000000000008da00                _sbrk_r
 .text          0x000000000008da54       0xc4 d:/altera/15.0/nios2eds/bin/gnu/h-x86_64-mingw32/bin/../lib/gcc/nios2-elf/4.9.1/../../../../../H-x86_64-mingw32/nios2-elf/lib\libc.a(lib_a-sprintf.o)
                0x000000000008da54                _sprintf_r
                0x000000000008daac                sprintf
 .text          0x000000000008db18      0x13c d:/altera/15.0/nios2eds/bin/gnu/h-x86_64-mingw32/bin/../lib/gcc/nios2-elf/4.9.1/../../../../../H-x86_64-mingw32/nios2-elf/lib\libc.a(lib_a-stdio.o)
                0x000000000008db18                __sread
                0x000000000008db6c                __seofread
                0x000000000008db74                __swrite
                0x000000000008dbf0                __sseek
                0x000000000008dc4c                __sclose
 .text          0x000000000008dc54       0x70 d:/altera/15.0/nios2eds/bin/gnu/h-x86_64-mingw32/bin/../lib/gcc/nios2-elf/4.9.1/../../../../../H-x86_64-mingw32/nios2-elf/lib\libc.a(lib_a-strcasecmp.o)
                0x000000000008dc54                strcasecmp
 .text          0x000000000008dcc4       0xa4 d:/altera/15.0/nios2eds/bin/gnu/h-x86_64-mingw32/bin/../lib/gcc/nios2-elf/4.9.1/../../../../../H-x86_64-mingw32/nios2-elf/lib\libc.a(lib_a-strcmp.o)
                0x000000000008dcc4                strcmp
 .text          0x000000000008dd68       0x90 d:/altera/15.0/nios2eds/bin/gnu/h-x86_64-mingw32/bin/../lib/gcc/nios2-elf/4.9.1/../../../../../H-x86_64-mingw32/nios2-elf/lib\libc.a(lib_a-strcpy.o)
                0x000000000008dd68                strcpy
 .text          0x000000000008ddf8       0x98 d:/altera/15.0/nios2eds/bin/gnu/h-x86_64-mingw32/bin/../lib/gcc/nios2-elf/4.9.1/../../../../../H-x86_64-mingw32/nios2-elf/lib\libc.a(lib_a-strlen.o)
                0x000000000008ddf8                strlen
 .text          0x000000000008de90     0x1f90 d:/altera/15.0/nios2eds/bin/gnu/h-x86_64-mingw32/bin/../lib/gcc/nios2-elf/4.9.1/../../../../../H-x86_64-mingw32/nios2-elf/lib\libc.a(lib_a-svfprintf.o)
                0x000000000008de90                ___svfprintf_internal_r
 .text          0x000000000008fe20     0x2020 d:/altera/15.0/nios2eds/bin/gnu/h-x86_64-mingw32/bin/../lib/gcc/nios2-elf/4.9.1/../../../../../H-x86_64-mingw32/nios2-elf/lib\libc.a(lib_a-vfprintf.o)
                0x000000000008fe20                ___vfprintf_internal_r
                0x0000000000091e1c                __vfprintf_internal
 .text          0x0000000000091e40      0x130 d:/altera/15.0/nios2eds/bin/gnu/h-x86_64-mingw32/bin/../lib/gcc/nios2-elf/4.9.1/../../../../../H-x86_64-mingw32/nios2-elf/lib\libc.a(lib_a-vsnprintf.o)
                0x0000000000091e40                _vsnprintf_r
                0x0000000000091f30                vsnprintf
 .text          0x0000000000091f70       0x5c d:/altera/15.0/nios2eds/bin/gnu/h-x86_64-mingw32/bin/../lib/gcc/nios2-elf/4.9.1/../../../../../H-x86_64-mingw32/nios2-elf/lib\libc.a(lib_a-writer.o)
                0x0000000000091f70                _write_r
 .text          0x0000000000091fcc      0x130 d:/altera/15.0/nios2eds/bin/gnu/h-x86_64-mingw32/bin/../lib/gcc/nios2-elf/4.9.1/../../../../../H-x86_64-mingw32/nios2-elf/lib\libc.a(lib_a-wsetup.o)
                0x0000000000091fcc                __swsetup_r
 .text          0x00000000000920fc       0x54 d:/altera/15.0/nios2eds/bin/gnu/h-x86_64-mingw32/bin/../lib/gcc/nios2-elf/4.9.1/../../../../../H-x86_64-mingw32/nios2-elf/lib\libc.a(closer.o)
                0x00000000000920fc                _close_r
 .text          0x0000000000092150        0x0 d:/altera/15.0/nios2eds/bin/gnu/h-x86_64-mingw32/bin/../lib/gcc/nios2-elf/4.9.1/../../../../../H-x86_64-mingw32/nios2-elf/lib\libc.a(lib_a-ctype_.o)
 .text          0x0000000000092150     0x1928 d:/altera/15.0/nios2eds/bin/gnu/h-x86_64-mingw32/bin/../lib/gcc/nios2-elf/4.9.1/../../../../../H-x86_64-mingw32/nios2-elf/lib\libc.a(lib_a-dtoa.o)
                0x0000000000092350                _dtoa_r
 .text          0x0000000000093a78       0x98 d:/altera/15.0/nios2eds/bin/gnu/h-x86_64-mingw32/bin/../lib/gcc/nios2-elf/4.9.1/../../../../../H-x86_64-mingw32/nios2-elf/lib\libc.a(lib_a-flags.o)
                0x0000000000093a78                __sflags
 .text          0x0000000000093b10      0x4a4 d:/altera/15.0/nios2eds/bin/gnu/h-x86_64-mingw32/bin/../lib/gcc/nios2-elf/4.9.1/../../../../../H-x86_64-mingw32/nios2-elf/lib\libc.a(lib_a-fvwrite.o)
                0x0000000000093b10                __sfvwrite_r
 .text          0x0000000000093fb4       0x54 d:/altera/15.0/nios2eds/bin/gnu/h-x86_64-mingw32/bin/../lib/gcc/nios2-elf/4.9.1/../../../../../H-x86_64-mingw32/nios2-elf/lib\libc.a(lib_a-isattyr.o)
                0x0000000000093fb4                _isatty_r
 .text          0x0000000000094008       0xe0 d:/altera/15.0/nios2eds/bin/gnu/h-x86_64-mingw32/bin/../lib/gcc/nios2-elf/4.9.1/../../../../../H-x86_64-mingw32/nios2-elf/lib\libc.a(lib_a-locale.o)
                0x0000000000094008                _setlocale_r
                0x0000000000094084                __locale_charset
                0x0000000000094090                __locale_mb_cur_max
                0x00000000000940a0                __locale_msgcharset
                0x00000000000940ac                __locale_cjk_lang
                0x00000000000940b4                _localeconv_r
                0x00000000000940c0                setlocale
                0x00000000000940dc                localeconv
 .text          0x00000000000940e8       0x5c d:/altera/15.0/nios2eds/bin/gnu/h-x86_64-mingw32/bin/../lib/gcc/nios2-elf/4.9.1/../../../../../H-x86_64-mingw32/nios2-elf/lib\libc.a(lib_a-lseekr.o)
                0x00000000000940e8                _lseek_r
 .text          0x0000000000094144       0xe8 d:/altera/15.0/nios2eds/bin/gnu/h-x86_64-mingw32/bin/../lib/gcc/nios2-elf/4.9.1/../../../../../H-x86_64-mingw32/nios2-elf/lib\libc.a(lib_a-memchr.o)
                0x0000000000094144                memchr
 .text          0x000000000009422c      0x15c d:/altera/15.0/nios2eds/bin/gnu/h-x86_64-mingw32/bin/../lib/gcc/nios2-elf/4.9.1/../../../../../H-x86_64-mingw32/nios2-elf/lib\libc.a(lib_a-memmove.o)
                0x000000000009422c                memmove
 .text          0x0000000000094388      0xf8c d:/altera/15.0/nios2eds/bin/gnu/h-x86_64-mingw32/bin/../lib/gcc/nios2-elf/4.9.1/../../../../../H-x86_64-mingw32/nios2-elf/lib\libc.a(lib_a-mprec.o)
                0x0000000000094388                _Balloc
                0x0000000000094430                _Bfree
                0x0000000000094458                __multadd
                0x000000000009456c                __s2b
                0x0000000000094670                __hi0bits
                0x00000000000946d8                __lo0bits
                0x0000000000094788                __i2b
                0x00000000000947c4                __multiply
                0x00000000000949c0                __pow5mult
                0x0000000000094b00                __lshift
                0x0000000000094c48                __mcmp
                0x0000000000094ca8                __mdiff
                0x0000000000094e40                __ulp
                0x0000000000094ea0                __b2d
                0x0000000000094fbc                __d2b
                0x00000000000950f8                __ratio
                0x000000000009519c                _mprec_log10
                0x0000000000095210                __copybits
                0x0000000000095288                __any_on
 .text          0x0000000000095314      0x168 d:/altera/15.0/nios2eds/bin/gnu/h-x86_64-mingw32/bin/../lib/gcc/nios2-elf/4.9.1/../../../../../H-x86_64-mingw32/nios2-elf/lib\libc.a(lib_a-putc.o)
                0x0000000000095314                _putc_r
                0x00000000000953b4                putc
 .text          0x000000000009547c       0x5c d:/altera/15.0/nios2eds/bin/gnu/h-x86_64-mingw32/bin/../lib/gcc/nios2-elf/4.9.1/../../../../../H-x86_64-mingw32/nios2-elf/lib\libc.a(lib_a-readr.o)
                0x000000000009547c                _read_r
 .text          0x00000000000954d8      0x5a0 d:/altera/15.0/nios2eds/bin/gnu/h-x86_64-mingw32/bin/../lib/gcc/nios2-elf/4.9.1/../../../../../H-x86_64-mingw32/nios2-elf/lib\libc.a(lib_a-reallocr.o)
                0x00000000000954d8                _realloc_r
 .text          0x0000000000095a78       0x74 d:/altera/15.0/nios2eds/bin/gnu/h-x86_64-mingw32/bin/../lib/gcc/nios2-elf/4.9.1/../../../../../H-x86_64-mingw32/nios2-elf/lib\libc.a(lib_a-s_fpclassify.o)
                0x0000000000095a78                __fpclassifyd
 .text          0x0000000000095aec     0x1230 d:/altera/15.0/nios2eds/bin/gnu/h-x86_64-mingw32/bin/../lib/gcc/nios2-elf/4.9.1/../../../../../H-x86_64-mingw32/nios2-elf/lib\libc.a(lib_a-svfiprintf.o)
                0x0000000000095aec                __ssprint_r
                0x0000000000095cb4                ___svfiprintf_internal_r
 .text          0x0000000000096d1c     0x1494 d:/altera/15.0/nios2eds/bin/gnu/h-x86_64-mingw32/bin/../lib/gcc/nios2-elf/4.9.1/../../../../../H-x86_64-mingw32/nios2-elf/lib\libc.a(lib_a-vfiprintf.o)
                0x0000000000096e18                __sprint_r
                0x0000000000096e30                ___vfiprintf_internal_r
                0x000000000009818c                __vfiprintf_internal
 .text          0x00000000000981b0      0x170 d:/altera/15.0/nios2eds/bin/gnu/h-x86_64-mingw32/bin/../lib/gcc/nios2-elf/4.9.1/../../../../../H-x86_64-mingw32/nios2-elf/lib\libc.a(lib_a-wbuf.o)
                0x00000000000981b0                __swbuf_r
                0x0000000000098304                __swbuf
 .text          0x0000000000098320       0xc4 d:/altera/15.0/nios2eds/bin/gnu/h-x86_64-mingw32/bin/../lib/gcc/nios2-elf/4.9.1/../../../../../H-x86_64-mingw32/nios2-elf/lib\libc.a(lib_a-callocr.o)
                0x0000000000098320                _calloc_r
 .text          0x00000000000983e4      0x1dc d:/altera/15.0/nios2eds/bin/gnu/h-x86_64-mingw32/bin/../lib/gcc/nios2-elf/4.9.1/../../../../../H-x86_64-mingw32/nios2-elf/lib\libc.a(lib_a-fputwc.o)
                0x00000000000983e4                _fputwc_r
                0x0000000000098568                fputwc
 .text          0x00000000000985c0      0x174 d:/altera/15.0/nios2eds/bin/gnu/h-x86_64-mingw32/bin/../lib/gcc/nios2-elf/4.9.1/../../../../../H-x86_64-mingw32/nios2-elf/lib\libc.a(lib_a-wcrtomb.o)
                0x00000000000985c0                _wcrtomb_r
                0x000000000009865c                wcrtomb
 .text          0x0000000000098734       0x8c d:/altera/15.0/nios2eds/bin/gnu/h-x86_64-mingw32/bin/../lib/gcc/nios2-elf/4.9.1/../../../../../H-x86_64-mingw32/nios2-elf/lib\libc.a(lib_a-wctomb_r.o)
                0x0000000000098734                __ascii_wctomb
                0x0000000000098764                _wctomb_r
 .text          0x00000000000987c0      0x5c0 d:/altera/15.0/nios2eds/bin/gnu/h-x86_64-mingw32/bin/../lib/gcc/nios2-elf/4.9.1\libgcc.a(_udivdi3.o)
                0x00000000000987c0                __udivdi3
 .text          0x0000000000098d80      0x590 d:/altera/15.0/nios2eds/bin/gnu/h-x86_64-mingw32/bin/../lib/gcc/nios2-elf/4.9.1\libgcc.a(_umoddi3.o)
                0x0000000000098d80                __umoddi3
 .text          0x0000000000099310      0x89c d:/altera/15.0/nios2eds/bin/gnu/h-x86_64-mingw32/bin/../lib/gcc/nios2-elf/4.9.1\libgcc.a(adddf3.o)
                0x0000000000099310                __adddf3
 .text          0x0000000000099bac       0x84 d:/altera/15.0/nios2eds/bin/gnu/h-x86_64-mingw32/bin/../lib/gcc/nios2-elf/4.9.1\libgcc.a(eqdf2.o)
                0x0000000000099bac                __nedf2
                0x0000000000099bac                __eqdf2
 .text          0x0000000000099c30       0xe0 d:/altera/15.0/nios2eds/bin/gnu/h-x86_64-mingw32/bin/../lib/gcc/nios2-elf/4.9.1\libgcc.a(gedf2.o)
                0x0000000000099c30                __gedf2
                0x0000000000099c30                __gtdf2
 .text          0x0000000000099d10       0xe0 d:/altera/15.0/nios2eds/bin/gnu/h-x86_64-mingw32/bin/../lib/gcc/nios2-elf/4.9.1\libgcc.a(ledf2.o)
                0x0000000000099d10                __ledf2
                0x0000000000099d10                __ltdf2
 .text          0x0000000000099df0      0x724 d:/altera/15.0/nios2eds/bin/gnu/h-x86_64-mingw32/bin/../lib/gcc/nios2-elf/4.9.1\libgcc.a(muldf3.o)
                0x0000000000099df0                __muldf3
 .text          0x000000000009a514      0x8d0 d:/altera/15.0/nios2eds/bin/gnu/h-x86_64-mingw32/bin/../lib/gcc/nios2-elf/4.9.1\libgcc.a(subdf3.o)
                0x000000000009a514                __subdf3
 .text          0x000000000009ade4       0x88 d:/altera/15.0/nios2eds/bin/gnu/h-x86_64-mingw32/bin/../lib/gcc/nios2-elf/4.9.1\libgcc.a(fixdfsi.o)
                0x000000000009ade4                __fixdfsi
 .text          0x000000000009ae6c       0xd0 d:/altera/15.0/nios2eds/bin/gnu/h-x86_64-mingw32/bin/../lib/gcc/nios2-elf/4.9.1\libgcc.a(floatsidf.o)
                0x000000000009ae6c                __floatsidf
 .text          0x000000000009af3c       0xa4 d:/altera/15.0/nios2eds/bin/gnu/h-x86_64-mingw32/bin/../lib/gcc/nios2-elf/4.9.1\libgcc.a(floatunsidf.o)
                0x000000000009af3c                __floatunsidf
 .text          0x000000000009afe0      0x120 ../DE2_115_SD_Card_Audio_Player_bsp/\libhal_bsp.a(alt_close.o)
                0x000000000009b030                close
 .text          0x000000000009b100       0x2c ../DE2_115_SD_Card_Audio_Player_bsp/\libhal_bsp.a(alt_dev.o)
 .text          0x000000000009b12c        0x0 ../DE2_115_SD_Card_Audio_Player_bsp/\libhal_bsp.a(alt_errno.o)
 .text          0x000000000009b12c      0x100 ../DE2_115_SD_Card_Audio_Player_bsp/\libhal_bsp.a(alt_fstat.o)
                0x000000000009b17c                fstat
 .text          0x000000000009b22c      0x1b0 ../DE2_115_SD_Card_Audio_Player_bsp/\libhal_bsp.a(alt_irq_register.o)
                0x000000000009b22c                alt_irq_register
 .text          0x000000000009b3dc        0x0 ../DE2_115_SD_Card_Audio_Player_bsp/\libhal_bsp.a(alt_irq_vars.o)
 .text          0x000000000009b3dc       0xf4 ../DE2_115_SD_Card_Audio_Player_bsp/\libhal_bsp.a(alt_isatty.o)
                0x000000000009b42c                isatty
 .text          0x000000000009b4d0       0xe4 ../DE2_115_SD_Card_Audio_Player_bsp/\libhal_bsp.a(alt_load.o)
                0x000000000009b534                alt_load
 .text          0x000000000009b5b4      0x124 ../DE2_115_SD_Card_Audio_Player_bsp/\libhal_bsp.a(alt_lseek.o)
                0x000000000009b604                lseek
 .text          0x000000000009b6d8       0x78 ../DE2_115_SD_Card_Audio_Player_bsp/\libhal_bsp.a(alt_main.o)
                0x000000000009b6d8                alt_main
 .text          0x000000000009b750       0x40 ../DE2_115_SD_Card_Audio_Player_bsp/\libhal_bsp.a(alt_malloc_lock.o)
                0x000000000009b750                __malloc_lock
                0x000000000009b770                __malloc_unlock
 .text          0x000000000009b790      0x274 ../DE2_115_SD_Card_Audio_Player_bsp/\libhal_bsp.a(alt_open.o)
                0x000000000009b8ac                open
 .text          0x000000000009ba04      0x14c ../DE2_115_SD_Card_Audio_Player_bsp/\libhal_bsp.a(alt_read.o)
                0x000000000009ba54                read
 .text          0x000000000009bb50       0x60 ../DE2_115_SD_Card_Audio_Player_bsp/\libhal_bsp.a(alt_release_fd.o)
                0x000000000009bb50                alt_release_fd
 .text          0x000000000009bbb0       0xb0 ../DE2_115_SD_Card_Audio_Player_bsp/\libhal_bsp.a(alt_sbrk.o)
                0x000000000009bbb0                sbrk
 .text          0x000000000009bc60      0x19c ../DE2_115_SD_Card_Audio_Player_bsp/\libhal_bsp.a(alt_tick.o)
                0x000000000009bc60                alt_alarm_stop
                0x000000000009bcf8                alt_tick
 .text          0x000000000009bdfc       0x30 ../DE2_115_SD_Card_Audio_Player_bsp/\libhal_bsp.a(alt_usleep.o)
                0x000000000009bdfc                usleep
 .text          0x000000000009be2c      0x148 ../DE2_115_SD_Card_Audio_Player_bsp/\libhal_bsp.a(alt_write.o)
                0x000000000009be7c                write
 .text          0x000000000009bf74      0x110 ../DE2_115_SD_Card_Audio_Player_bsp/\libhal_bsp.a(alt_sys_init.o)
                0x000000000009bfac                alt_irq_init
                0x000000000009bfe0                alt_sys_init
 .text          0x000000000009c084      0x88c ../DE2_115_SD_Card_Audio_Player_bsp/\libhal_bsp.a(altera_avalon_cfi_flash.o)
                0x000000000009c0bc                alt_flash_cfi_init
                0x000000000009c14c                alt_flash_cfi_write
                0x000000000009c3f4                alt_flash_cfi_get_info
                0x000000000009c480                alt_flash_cfi_read
                0x000000000009c4e4                alt_write_value_to_flash
                0x000000000009c63c                alt_flash_program_block
 .text          0x000000000009c910     0x1454 ../DE2_115_SD_Card_Audio_Player_bsp/\libhal_bsp.a(altera_avalon_cfi_flash_table.o)
                0x000000000009c910                alt_read_query_entry_8bit
                0x000000000009c94c                alt_read_query_entry_16bit
                0x000000000009c98c                alt_read_query_entry_32bit
                0x000000000009c9cc                alt_write_flash_command_8bit_device_8bit_mode
                0x000000000009ca10                alt_write_flash_command_16bit_device_8bit_mode
                0x000000000009ca88                alt_write_flash_command_32bit_device_8bit_mode
                0x000000000009cad8                alt_write_flash_command_16bit_device_16bit_mode
                0x000000000009cb24                alt_write_flash_command_32bit_device_16bit_mode
                0x000000000009cb74                alt_write_flash_command_32bit_device_32bit_mode
                0x000000000009cbc4                alt_write_native_8bit
                0x000000000009cbfc                alt_write_native_16bit
                0x000000000009cc34                alt_write_native_32bit
                0x000000000009cc68                alt_set_flash_width_func
                0x000000000009ce24                alt_set_flash_algorithm_func
                0x000000000009cf40                alt_read_cfi_table
                0x000000000009d508                alt_read_cfi_width
                0x000000000009dc8c                alt_check_primary_table
 .text          0x000000000009dd64      0x164 ../DE2_115_SD_Card_Audio_Player_bsp/\libhal_bsp.a(altera_avalon_jtag_uart_fd.o)
                0x000000000009dd64                altera_avalon_jtag_uart_read_fd
                0x000000000009ddc4                altera_avalon_jtag_uart_write_fd
                0x000000000009de24                altera_avalon_jtag_uart_close_fd
                0x000000000009de74                altera_avalon_jtag_uart_ioctl_fd
 .text          0x000000000009dec8      0x3d8 ../DE2_115_SD_Card_Audio_Player_bsp/\libhal_bsp.a(altera_avalon_jtag_uart_init.o)
                0x000000000009dec8                altera_avalon_jtag_uart_init
                0x000000000009e238                altera_avalon_jtag_uart_close
 .text          0x000000000009e2a0       0xec ../DE2_115_SD_Card_Audio_Player_bsp/\libhal_bsp.a(altera_avalon_jtag_uart_ioctl.o)
                0x000000000009e2a0                altera_avalon_jtag_uart_ioctl
 .text          0x000000000009e38c      0x20c ../DE2_115_SD_Card_Audio_Player_bsp/\libhal_bsp.a(altera_avalon_jtag_uart_read.o)
                0x000000000009e38c                altera_avalon_jtag_uart_read
 .text          0x000000000009e598      0x218 ../DE2_115_SD_Card_Audio_Player_bsp/\libhal_bsp.a(altera_avalon_jtag_uart_write.o)
                0x000000000009e598                altera_avalon_jtag_uart_write
 .text          0x000000000009e7b0      0xe70 ../DE2_115_SD_Card_Audio_Player_bsp/\libhal_bsp.a(altera_avalon_lcd_16207.o)
                0x000000000009ef54                altera_avalon_lcd_16207_write
                0x000000000009f4e8                altera_avalon_lcd_16207_init
 .text          0x000000000009f620       0x60 ../DE2_115_SD_Card_Audio_Player_bsp/\libhal_bsp.a(altera_avalon_lcd_16207_fd.o)
                0x000000000009f620                altera_avalon_lcd_16207_write_fd
 .text          0x000000000009f680       0xfc ../DE2_115_SD_Card_Audio_Player_bsp/\libhal_bsp.a(altera_avalon_timer_sc.o)
                0x000000000009f6f4                alt_avalon_timer_sc_init
 .text          0x000000000009f77c      0x110 ../DE2_115_SD_Card_Audio_Player_bsp/\libhal_bsp.a(altera_avalon_uart_fd.o)
                0x000000000009f77c                altera_avalon_uart_read_fd
                0x000000000009f7dc                altera_avalon_uart_write_fd
                0x000000000009f83c                altera_avalon_uart_close_fd
 .text          0x000000000009f88c      0x3b8 ../DE2_115_SD_Card_Audio_Player_bsp/\libhal_bsp.a(altera_avalon_uart_init.o)
                0x000000000009f88c                altera_avalon_uart_init
                0x000000000009fbf0                altera_avalon_uart_close
 .text          0x000000000009fc44      0x22c ../DE2_115_SD_Card_Audio_Player_bsp/\libhal_bsp.a(altera_avalon_uart_read.o)
                0x000000000009fc94                altera_avalon_uart_read
 .text          0x000000000009fe70      0x1fc ../DE2_115_SD_Card_Audio_Player_bsp/\libhal_bsp.a(altera_avalon_uart_write.o)
                0x000000000009fec0                altera_avalon_uart_write
 .text          0x00000000000a006c      0x140 ../DE2_115_SD_Card_Audio_Player_bsp/\libhal_bsp.a(alt_alarm_start.o)
                0x00000000000a006c                alt_alarm_start
 .text          0x00000000000a01ac      0x158 ../DE2_115_SD_Card_Audio_Player_bsp/\libhal_bsp.a(alt_busy_sleep.o)
                0x00000000000a01ac                alt_busy_sleep
 .text          0x00000000000a0304       0x74 ../DE2_115_SD_Card_Audio_Player_bsp/\libhal_bsp.a(alt_dcache_flush.o)
                0x00000000000a0304                alt_dcache_flush
 .text          0x00000000000a0378       0x44 ../DE2_115_SD_Card_Audio_Player_bsp/\libhal_bsp.a(alt_dcache_flush_all.o)
                0x00000000000a0378                alt_dcache_flush_all
 .text          0x00000000000a03bc       0xf4 ../DE2_115_SD_Card_Audio_Player_bsp/\libhal_bsp.a(alt_dev_llist_insert.o)
                0x00000000000a040c                alt_dev_llist_insert
 .text          0x00000000000a04b0       0x5c ../DE2_115_SD_Card_Audio_Player_bsp/\libhal_bsp.a(alt_do_ctors.o)
                0x00000000000a04b0                _do_ctors
 .text          0x00000000000a050c       0x5c ../DE2_115_SD_Card_Audio_Player_bsp/\libhal_bsp.a(alt_do_dtors.o)
                0x00000000000a050c                _do_dtors
 .text          0x00000000000a0568       0x90 ../DE2_115_SD_Card_Audio_Player_bsp/\libhal_bsp.a(alt_find_dev.o)
                0x00000000000a0568                alt_find_dev
 .text          0x00000000000a05f8      0x114 ../DE2_115_SD_Card_Audio_Player_bsp/\libhal_bsp.a(alt_find_file.o)
                0x00000000000a05f8                alt_find_file
 .text          0x00000000000a070c       0xb8 ../DE2_115_SD_Card_Audio_Player_bsp/\libhal_bsp.a(alt_flash_dev.o)
                0x00000000000a070c                alt_flash_open_dev
                0x00000000000a0774                alt_flash_close_dev
 .text          0x00000000000a07c4       0xb4 ../DE2_115_SD_Card_Audio_Player_bsp/\libhal_bsp.a(alt_get_fd.o)
                0x00000000000a07c4                alt_get_fd
 .text          0x00000000000a0878       0x30 ../DE2_115_SD_Card_Audio_Player_bsp/\libhal_bsp.a(alt_icache_flush_all.o)
                0x00000000000a0878                alt_icache_flush_all
 .text          0x00000000000a08a8      0x1e0 ../DE2_115_SD_Card_Audio_Player_bsp/\libhal_bsp.a(alt_iic.o)
                0x00000000000a08a8                alt_ic_isr_register
                0x00000000000a08f8                alt_ic_irq_enable
                0x00000000000a0998                alt_ic_irq_disable
                0x00000000000a0a3c                alt_ic_irq_enabled
 .text          0x00000000000a0a88       0xf0 ../DE2_115_SD_Card_Audio_Player_bsp/\libhal_bsp.a(alt_iic_isr_register.o)
                0x00000000000a0a88                alt_iic_isr_register
 .text          0x00000000000a0b78      0x138 ../DE2_115_SD_Card_Audio_Player_bsp/\libhal_bsp.a(alt_io_redirect.o)
                0x00000000000a0c38                alt_io_redirect
 .text          0x00000000000a0cb0        0x0 ../DE2_115_SD_Card_Audio_Player_bsp/\libhal_bsp.a(alt_irq_entry.o)
 .text          0x00000000000a0cb0        0x0 ../DE2_115_SD_Card_Audio_Player_bsp/\libhal_bsp.a(alt_irq_handler.o)
 .text          0x00000000000a0cb0       0x20 ../DE2_115_SD_Card_Audio_Player_bsp/\libhal_bsp.a(altera_nios2_gen2_irq.o)
                0x00000000000a0cb0                altera_nios2_gen2_irq_init
 .text          0x00000000000a0cd0      0x460 ../DE2_115_SD_Card_Audio_Player_bsp/\libhal_bsp.a(altera_avalon_cfi_flash_amd.o)
                0x00000000000a0cd0                alt_program_amd
                0x00000000000a0d38                alt_erase_block_amd
 .text          0x00000000000a1130      0x454 ../DE2_115_SD_Card_Audio_Player_bsp/\libhal_bsp.a(altera_avalon_cfi_flash_intel.o)
                0x00000000000a1130                alt_program_intel
                0x00000000000a11b0                alt_erase_block_intel
 .text          0x00000000000a1584        0x0 ../DE2_115_SD_Card_Audio_Player_bsp/\libhal_bsp.a(alt_exception_entry.o)
 .text          0x00000000000a1584       0x8c ../DE2_115_SD_Card_Audio_Player_bsp/\libhal_bsp.a(alt_icache_flush.o)
                0x00000000000a1584                alt_icache_flush
 .text          0x00000000000a1610       0x9c ../DE2_115_SD_Card_Audio_Player_bsp/\libhal_bsp.a(alt_instruction_exception_entry.o)
                0x00000000000a1610                alt_exception_cause_generated_bad_addr
 .text          0x00000000000a16ac       0x14 d:/altera/15.0/nios2eds/bin/gnu/h-x86_64-mingw32/bin/../lib/gcc/nios2-elf/4.9.1/../../../../../H-x86_64-mingw32/nios2-elf/lib\libc.a(lib_a-atexit.o)
                0x00000000000a16ac                atexit
 .text          0x00000000000a16c0       0x38 d:/altera/15.0/nios2eds/bin/gnu/h-x86_64-mingw32/bin/../lib/gcc/nios2-elf/4.9.1/../../../../../H-x86_64-mingw32/nios2-elf/lib\libc.a(lib_a-exit.o)
                0x00000000000a16c0                exit
 .text          0x00000000000a16f8       0x7c d:/altera/15.0/nios2eds/bin/gnu/h-x86_64-mingw32/bin/../lib/gcc/nios2-elf/4.9.1/../../../../../H-x86_64-mingw32/nios2-elf/lib\libc.a(lib_a-memcmp.o)
                0x00000000000a16f8                memcmp
 .text          0x00000000000a1774      0x114 d:/altera/15.0/nios2eds/bin/gnu/h-x86_64-mingw32/bin/../lib/gcc/nios2-elf/4.9.1/../../../../../H-x86_64-mingw32/nios2-elf/lib\libc.a(lib_a-__atexit.o)
                0x00000000000a1774                __register_exitproc
 .text          0x00000000000a1888      0x194 d:/altera/15.0/nios2eds/bin/gnu/h-x86_64-mingw32/bin/../lib/gcc/nios2-elf/4.9.1/../../../../../H-x86_64-mingw32/nios2-elf/lib\libc.a(lib_a-__call_atexit.o)
                0x00000000000a1888                __call_exitprocs
 .text          0x00000000000a1a1c       0x34 ../DE2_115_SD_Card_Audio_Player_bsp/\libhal_bsp.a(alt_exit.o)
                0x00000000000a1a1c                _exit
 *(.gnu.warning.*)
 *(.fini)
                0x00000000000a1a50                PROVIDE (__etext, ABSOLUTE (.))
                0x00000000000a1a50                PROVIDE (_etext, ABSOLUTE (.))
                0x00000000000a1a50                PROVIDE (etext, ABSOLUTE (.))
 *(.eh_frame_hdr)
                0x00000000000a1a50                . = ALIGN (0x4)
                0x00000000000a1a50                PROVIDE (__preinit_array_start, ABSOLUTE (.))
 *(.preinit_array)
                0x00000000000a1a50                PROVIDE (__preinit_array_end, ABSOLUTE (.))
                0x00000000000a1a50                PROVIDE (__init_array_start, ABSOLUTE (.))
 *(.init_array)
                0x00000000000a1a50                PROVIDE (__init_array_end, ABSOLUTE (.))
                0x00000000000a1a50                PROVIDE (__fini_array_start, ABSOLUTE (.))
 *(.fini_array)
                0x00000000000a1a50                PROVIDE (__fini_array_end, ABSOLUTE (.))
 *(.eh_frame)
 *(.gcc_except_table .gcc_except_table.*)
 *(.dynamic)
                0x00000000000a1a50                PROVIDE (__CTOR_LIST__, ABSOLUTE (.))
 *(.ctors)
 *(SORT(.ctors.*))
                0x00000000000a1a50                PROVIDE (__CTOR_END__, ABSOLUTE (.))
                0x00000000000a1a50                PROVIDE (__DTOR_LIST__, ABSOLUTE (.))
 *(.dtors)
 *(SORT(.dtors.*))
                0x00000000000a1a50                PROVIDE (__DTOR_END__, ABSOLUTE (.))
 *(.jcr)
                0x00000000000a1a50                . = ALIGN (0x4)

.rodata         0x00000000000a1a50     0x15b8
                0x00000000000a1a50                PROVIDE (__ram_rodata_start, ABSOLUTE (.))
                0x00000000000a1a50                . = ALIGN (0x4)
 *(.rodata .rodata.* .gnu.linkonce.r.*)
 .rodata        0x00000000000a1a50      0x7cc obj/default/main.o
 .rodata        0x00000000000a221c       0xa8 obj/default/terasic_fat/FatFileSystem.o
 .rodata        0x00000000000a22c4      0x2dc obj/default/terasic_fat/FatInternal.o
 .rodata        0x00000000000a25a0       0xd4 obj/default/terasic_lib/AUDIO.o
 .rodata        0x00000000000a2674       0x88 obj/default/terasic_lib/I2C.o
 .rodata        0x00000000000a26fc       0x10 obj/default/terasic_lib/LCD.o
 .rodata        0x00000000000a270c       0x10 obj/default/terasic_lib/debug.o
 .rodata        0x00000000000a271c      0x200 obj/default/terasic_sdcard/crc16.o
 .rodata        0x00000000000a291c      0x100 obj/default/terasic_sdcard/crc7.o
 .rodata        0x00000000000a2a1c      0x100 d:/altera/15.0/nios2eds/bin/gnu/h-x86_64-mingw32/bin/../lib/gcc/nios2-elf/4.9.1\libgcc.a(_clz.o)
                0x00000000000a2a1c                __clz_tab
 .rodata.str1.4
                0x00000000000a2b1c        0x2 d:/altera/15.0/nios2eds/bin/gnu/h-x86_64-mingw32/bin/../lib/gcc/nios2-elf/4.9.1/../../../../../H-x86_64-mingw32/nios2-elf/lib\libc.a(lib_a-impure.o)
                                          0x4 (size before relaxing)
 *fill*         0x00000000000a2b1e        0x2 
 .rodata.str1.4
                0x00000000000a2b20        0x2 d:/altera/15.0/nios2eds/bin/gnu/h-x86_64-mingw32/bin/../lib/gcc/nios2-elf/4.9.1/../../../../../H-x86_64-mingw32/nios2-elf/lib\libc.a(lib_a-puts.o)
                                          0x4 (size before relaxing)
 *fill*         0x00000000000a2b22        0x2 
 .rodata.str1.4
                0x00000000000a2b24       0x42 d:/altera/15.0/nios2eds/bin/gnu/h-x86_64-mingw32/bin/../lib/gcc/nios2-elf/4.9.1/../../../../../H-x86_64-mingw32/nios2-elf/lib\libc.a(lib_a-svfprintf.o)
                                         0x44 (size before relaxing)
 .rodata        0x00000000000a2b66       0x20 d:/altera/15.0/nios2eds/bin/gnu/h-x86_64-mingw32/bin/../lib/gcc/nios2-elf/4.9.1/../../../../../H-x86_64-mingw32/nios2-elf/lib\libc.a(lib_a-svfprintf.o)
 .rodata.str1.4
                0x0000000000000000       0x44 d:/altera/15.0/nios2eds/bin/gnu/h-x86_64-mingw32/bin/../lib/gcc/nios2-elf/4.9.1/../../../../../H-x86_64-mingw32/nios2-elf/lib\libc.a(lib_a-vfprintf.o)
 .rodata        0x00000000000a2b86       0x20 d:/altera/15.0/nios2eds/bin/gnu/h-x86_64-mingw32/bin/../lib/gcc/nios2-elf/4.9.1/../../../../../H-x86_64-mingw32/nios2-elf/lib\libc.a(lib_a-vfprintf.o)
 .rodata        0x00000000000a2ba6      0x281 d:/altera/15.0/nios2eds/bin/gnu/h-x86_64-mingw32/bin/../lib/gcc/nios2-elf/4.9.1/../../../../../H-x86_64-mingw32/nios2-elf/lib\libc.a(lib_a-ctype_.o)
                0x00000000000a2ba6                _ctype_
 *fill*         0x00000000000a2e27        0x1 
 .rodata.str1.4
                0x00000000000a2e28       0x10 d:/altera/15.0/nios2eds/bin/gnu/h-x86_64-mingw32/bin/../lib/gcc/nios2-elf/4.9.1/../../../../../H-x86_64-mingw32/nios2-elf/lib\libc.a(lib_a-dtoa.o)
                                         0x14 (size before relaxing)
 .rodata.str1.4
                0x00000000000a2e38        0xc d:/altera/15.0/nios2eds/bin/gnu/h-x86_64-mingw32/bin/../lib/gcc/nios2-elf/4.9.1/../../../../../H-x86_64-mingw32/nios2-elf/lib\libc.a(lib_a-locale.o)
                                         0x14 (size before relaxing)
 .rodata        0x00000000000a2e44      0x124 d:/altera/15.0/nios2eds/bin/gnu/h-x86_64-mingw32/bin/../lib/gcc/nios2-elf/4.9.1/../../../../../H-x86_64-mingw32/nios2-elf/lib\libc.a(lib_a-mprec.o)
                0x00000000000a2e50                __mprec_tinytens
                0x00000000000a2e78                __mprec_bigtens
                0x00000000000a2ea0                __mprec_tens
 .rodata.str1.4
                0x0000000000000000       0x30 d:/altera/15.0/nios2eds/bin/gnu/h-x86_64-mingw32/bin/../lib/gcc/nios2-elf/4.9.1/../../../../../H-x86_64-mingw32/nios2-elf/lib\libc.a(lib_a-svfiprintf.o)
 .rodata        0x00000000000a2f68       0x20 d:/altera/15.0/nios2eds/bin/gnu/h-x86_64-mingw32/bin/../lib/gcc/nios2-elf/4.9.1/../../../../../H-x86_64-mingw32/nios2-elf/lib\libc.a(lib_a-svfiprintf.o)
 .rodata.str1.4
                0x0000000000000000       0x30 d:/altera/15.0/nios2eds/bin/gnu/h-x86_64-mingw32/bin/../lib/gcc/nios2-elf/4.9.1/../../../../../H-x86_64-mingw32/nios2-elf/lib\libc.a(lib_a-vfiprintf.o)
 .rodata        0x00000000000a2f88       0x20 d:/altera/15.0/nios2eds/bin/gnu/h-x86_64-mingw32/bin/../lib/gcc/nios2-elf/4.9.1/../../../../../H-x86_64-mingw32/nios2-elf/lib\libc.a(lib_a-vfiprintf.o)
 .rodata        0x00000000000a2fa8        0xc ../DE2_115_SD_Card_Audio_Player_bsp/\libhal_bsp.a(alt_dev.o)
 .rodata        0x00000000000a2fb4       0x10 ../DE2_115_SD_Card_Audio_Player_bsp/\libhal_bsp.a(alt_main.o)
 .rodata        0x00000000000a2fc4       0x44 ../DE2_115_SD_Card_Audio_Player_bsp/\libhal_bsp.a(alt_sys_init.o)
 *(.rodata1)
                0x00000000000a3008                . = ALIGN (0x4)
                0x00000000000a3008                PROVIDE (__ram_rodata_end, ABSOLUTE (.))
                0x00000000000a1a50                PROVIDE (__flash_rodata_start, LOADADDR (.rodata))

.rwdata         0x00000000000a3008     0x1dd8 load address 0x00000000000a4de0
                0x00000000000a3008                PROVIDE (__ram_rwdata_start, ABSOLUTE (.))
                0x00000000000a3008                . = ALIGN (0x4)
 *(.got.plt)
 *(.got)
 *(.data1)
 *(.data .data.* .gnu.linkonce.d.*)
 .data          0x00000000000a3008        0x0 ../DE2_115_SD_Card_Audio_Player_bsp//obj/HAL/src/crt0.o
 .data          0x00000000000a3008        0x0 obj/default/main.o
 .data          0x00000000000a3008        0x0 obj/default/terasic_fat/FatFileSystem.o
 .data          0x00000000000a3008        0x0 obj/default/terasic_fat/FatInternal.o
 .data          0x00000000000a3008        0x0 obj/default/terasic_lib/AUDIO.o
 .data          0x00000000000a3008        0x0 obj/default/terasic_lib/I2C.o
 .data          0x00000000000a3008        0x0 obj/default/terasic_lib/LCD.o
 .data          0x00000000000a3008        0x0 obj/default/terasic_lib/LED.o
 .data          0x00000000000a3008       0x10 obj/default/terasic_lib/SEG7.o
 .data          0x00000000000a3018        0x0 obj/default/terasic_lib/WaveLib.o
 .data          0x00000000000a3018        0x0 obj/default/terasic_lib/debug.o
 .data          0x00000000000a3018        0x0 obj/default/terasic_sdcard/crc16.o
 .data          0x00000000000a3018        0x0 obj/default/terasic_sdcard/crc7.o
 .data          0x00000000000a3018        0x0 obj/default/terasic_sdcard/sd_hal.o
 .data          0x00000000000a3018        0x0 obj/default/terasic_sdcard/sd_lib.o
 .data          0x00000000000a3018        0x0 obj/default/terasic_sdcard/sd_protocol.o
 .data          0x00000000000a3018        0x0 d:/altera/15.0/nios2eds/bin/gnu/h-x86_64-mingw32/bin/../lib/gcc/nios2-elf/4.9.1\libgcc.a(lib2-divmod.o)
 .data          0x00000000000a3018        0x0 d:/altera/15.0/nios2eds/bin/gnu/h-x86_64-mingw32/bin/../lib/gcc/nios2-elf/4.9.1\libgcc.a(divsf3.o)
 .data          0x00000000000a3018        0x0 d:/altera/15.0/nios2eds/bin/gnu/h-x86_64-mingw32/bin/../lib/gcc/nios2-elf/4.9.1\libgcc.a(mulsf3.o)
 .data          0x00000000000a3018        0x0 d:/altera/15.0/nios2eds/bin/gnu/h-x86_64-mingw32/bin/../lib/gcc/nios2-elf/4.9.1\libgcc.a(floatunsisf.o)
 .data          0x00000000000a3018        0x0 d:/altera/15.0/nios2eds/bin/gnu/h-x86_64-mingw32/bin/../lib/gcc/nios2-elf/4.9.1\libgcc.a(divdf3.o)
 .data          0x00000000000a3018        0x0 d:/altera/15.0/nios2eds/bin/gnu/h-x86_64-mingw32/bin/../lib/gcc/nios2-elf/4.9.1\libgcc.a(extendsfdf2.o)
 .data          0x00000000000a3018        0x0 d:/altera/15.0/nios2eds/bin/gnu/h-x86_64-mingw32/bin/../lib/gcc/nios2-elf/4.9.1\libgcc.a(truncdfsf2.o)
 .data          0x00000000000a3018        0x0 d:/altera/15.0/nios2eds/bin/gnu/h-x86_64-mingw32/bin/../lib/gcc/nios2-elf/4.9.1\libgcc.a(_clzsi2.o)
 .data          0x00000000000a3018        0x0 d:/altera/15.0/nios2eds/bin/gnu/h-x86_64-mingw32/bin/../lib/gcc/nios2-elf/4.9.1\libgcc.a(_clz.o)
 .data          0x00000000000a3018        0x0 d:/altera/15.0/nios2eds/bin/gnu/h-x86_64-mingw32/bin/../lib/gcc/nios2-elf/4.9.1/../../../../../H-x86_64-mingw32/nios2-elf/lib\libc.a(lib_a-fclose.o)
 .data          0x00000000000a3018        0x0 d:/altera/15.0/nios2eds/bin/gnu/h-x86_64-mingw32/bin/../lib/gcc/nios2-elf/4.9.1/../../../../../H-x86_64-mingw32/nios2-elf/lib\libc.a(lib_a-fflush.o)
 .data          0x00000000000a3018        0x0 d:/altera/15.0/nios2eds/bin/gnu/h-x86_64-mingw32/bin/../lib/gcc/nios2-elf/4.9.1/../../../../../H-x86_64-mingw32/nios2-elf/lib\libc.a(lib_a-findfp.o)
 .data          0x00000000000a3018        0x0 d:/altera/15.0/nios2eds/bin/gnu/h-x86_64-mingw32/bin/../lib/gcc/nios2-elf/4.9.1/../../../../../H-x86_64-mingw32/nios2-elf/lib\libc.a(lib_a-fopen.o)
 .data          0x00000000000a3018        0x0 d:/altera/15.0/nios2eds/bin/gnu/h-x86_64-mingw32/bin/../lib/gcc/nios2-elf/4.9.1/../../../../../H-x86_64-mingw32/nios2-elf/lib\libc.a(lib_a-freer.o)
 .data          0x00000000000a3018        0x0 d:/altera/15.0/nios2eds/bin/gnu/h-x86_64-mingw32/bin/../lib/gcc/nios2-elf/4.9.1/../../../../../H-x86_64-mingw32/nios2-elf/lib\libc.a(lib_a-fseek.o)
 .data          0x00000000000a3018        0x0 d:/altera/15.0/nios2eds/bin/gnu/h-x86_64-mingw32/bin/../lib/gcc/nios2-elf/4.9.1/../../../../../H-x86_64-mingw32/nios2-elf/lib\libc.a(lib_a-fstatr.o)
 .data          0x00000000000a3018        0x0 d:/altera/15.0/nios2eds/bin/gnu/h-x86_64-mingw32/bin/../lib/gcc/nios2-elf/4.9.1/../../../../../H-x86_64-mingw32/nios2-elf/lib\libc.a(lib_a-fwalk.o)
 .data          0x00000000000a3018        0x0 d:/altera/15.0/nios2eds/bin/gnu/h-x86_64-mingw32/bin/../lib/gcc/nios2-elf/4.9.1/../../../../../H-x86_64-mingw32/nios2-elf/lib\libc.a(lib_a-fwrite.o)
 .data          0x00000000000a3018      0x424 d:/altera/15.0/nios2eds/bin/gnu/h-x86_64-mingw32/bin/../lib/gcc/nios2-elf/4.9.1/../../../../../H-x86_64-mingw32/nios2-elf/lib\libc.a(lib_a-impure.o)
 .data          0x00000000000a343c        0x0 d:/altera/15.0/nios2eds/bin/gnu/h-x86_64-mingw32/bin/../lib/gcc/nios2-elf/4.9.1/../../../../../H-x86_64-mingw32/nios2-elf/lib\libc.a(lib_a-int_errno.o)
 .data          0x00000000000a343c        0x0 d:/altera/15.0/nios2eds/bin/gnu/h-x86_64-mingw32/bin/../lib/gcc/nios2-elf/4.9.1/../../../../../H-x86_64-mingw32/nios2-elf/lib\libc.a(lib_a-makebuf.o)
 .data          0x00000000000a343c        0x0 d:/altera/15.0/nios2eds/bin/gnu/h-x86_64-mingw32/bin/../lib/gcc/nios2-elf/4.9.1/../../../../../H-x86_64-mingw32/nios2-elf/lib\libc.a(lib_a-malloc.o)
 .data          0x00000000000a343c      0x408 d:/altera/15.0/nios2eds/bin/gnu/h-x86_64-mingw32/bin/../lib/gcc/nios2-elf/4.9.1/../../../../../H-x86_64-mingw32/nios2-elf/lib\libc.a(lib_a-mallocr.o)
                0x00000000000a343c                __malloc_av_
 .data          0x00000000000a3844        0x0 d:/altera/15.0/nios2eds/bin/gnu/h-x86_64-mingw32/bin/../lib/gcc/nios2-elf/4.9.1/../../../../../H-x86_64-mingw32/nios2-elf/lib\libc.a(lib_a-memcpy.o)
 .data          0x00000000000a3844        0x0 d:/altera/15.0/nios2eds/bin/gnu/h-x86_64-mingw32/bin/../lib/gcc/nios2-elf/4.9.1/../../../../../H-x86_64-mingw32/nios2-elf/lib\libc.a(lib_a-memset.o)
 .data          0x00000000000a3844        0x0 d:/altera/15.0/nios2eds/bin/gnu/h-x86_64-mingw32/bin/../lib/gcc/nios2-elf/4.9.1/../../../../../H-x86_64-mingw32/nios2-elf/lib\libc.a(lib_a-openr.o)
 .data          0x00000000000a3844        0x0 d:/altera/15.0/nios2eds/bin/gnu/h-x86_64-mingw32/bin/../lib/gcc/nios2-elf/4.9.1/../../../../../H-x86_64-mingw32/nios2-elf/lib\libc.a(lib_a-printf.o)
 .data          0x00000000000a3844        0x0 d:/altera/15.0/nios2eds/bin/gnu/h-x86_64-mingw32/bin/../lib/gcc/nios2-elf/4.9.1/../../../../../H-x86_64-mingw32/nios2-elf/lib\libc.a(lib_a-putchar.o)
 .data          0x00000000000a3844        0x0 d:/altera/15.0/nios2eds/bin/gnu/h-x86_64-mingw32/bin/../lib/gcc/nios2-elf/4.9.1/../../../../../H-x86_64-mingw32/nios2-elf/lib\libc.a(lib_a-puts.o)
 .data          0x00000000000a3844        0x0 d:/altera/15.0/nios2eds/bin/gnu/h-x86_64-mingw32/bin/../lib/gcc/nios2-elf/4.9.1/../../../../../H-x86_64-mingw32/nios2-elf/lib\libc.a(lib_a-refill.o)
 .data          0x00000000000a3844        0x0 d:/altera/15.0/nios2eds/bin/gnu/h-x86_64-mingw32/bin/../lib/gcc/nios2-elf/4.9.1/../../../../../H-x86_64-mingw32/nios2-elf/lib\libc.a(lib_a-sbrkr.o)
 .data          0x00000000000a3844        0x0 d:/altera/15.0/nios2eds/bin/gnu/h-x86_64-mingw32/bin/../lib/gcc/nios2-elf/4.9.1/../../../../../H-x86_64-mingw32/nios2-elf/lib\libc.a(lib_a-sprintf.o)
 .data          0x00000000000a3844        0x0 d:/altera/15.0/nios2eds/bin/gnu/h-x86_64-mingw32/bin/../lib/gcc/nios2-elf/4.9.1/../../../../../H-x86_64-mingw32/nios2-elf/lib\libc.a(lib_a-stdio.o)
 .data          0x00000000000a3844        0x0 d:/altera/15.0/nios2eds/bin/gnu/h-x86_64-mingw32/bin/../lib/gcc/nios2-elf/4.9.1/../../../../../H-x86_64-mingw32/nios2-elf/lib\libc.a(lib_a-strcasecmp.o)
 .data          0x00000000000a3844        0x0 d:/altera/15.0/nios2eds/bin/gnu/h-x86_64-mingw32/bin/../lib/gcc/nios2-elf/4.9.1/../../../../../H-x86_64-mingw32/nios2-elf/lib\libc.a(lib_a-strcmp.o)
 .data          0x00000000000a3844        0x0 d:/altera/15.0/nios2eds/bin/gnu/h-x86_64-mingw32/bin/../lib/gcc/nios2-elf/4.9.1/../../../../../H-x86_64-mingw32/nios2-elf/lib\libc.a(lib_a-strcpy.o)
 .data          0x00000000000a3844        0x0 d:/altera/15.0/nios2eds/bin/gnu/h-x86_64-mingw32/bin/../lib/gcc/nios2-elf/4.9.1/../../../../../H-x86_64-mingw32/nios2-elf/lib\libc.a(lib_a-strlen.o)
 .data          0x00000000000a3844        0x0 d:/altera/15.0/nios2eds/bin/gnu/h-x86_64-mingw32/bin/../lib/gcc/nios2-elf/4.9.1/../../../../../H-x86_64-mingw32/nios2-elf/lib\libc.a(lib_a-svfprintf.o)
 .data          0x00000000000a3844        0x0 d:/altera/15.0/nios2eds/bin/gnu/h-x86_64-mingw32/bin/../lib/gcc/nios2-elf/4.9.1/../../../../../H-x86_64-mingw32/nios2-elf/lib\libc.a(lib_a-vfprintf.o)
 .data          0x00000000000a3844        0x0 d:/altera/15.0/nios2eds/bin/gnu/h-x86_64-mingw32/bin/../lib/gcc/nios2-elf/4.9.1/../../../../../H-x86_64-mingw32/nios2-elf/lib\libc.a(lib_a-vsnprintf.o)
 .data          0x00000000000a3844        0x0 d:/altera/15.0/nios2eds/bin/gnu/h-x86_64-mingw32/bin/../lib/gcc/nios2-elf/4.9.1/../../../../../H-x86_64-mingw32/nios2-elf/lib\libc.a(lib_a-writer.o)
 .data          0x00000000000a3844        0x0 d:/altera/15.0/nios2eds/bin/gnu/h-x86_64-mingw32/bin/../lib/gcc/nios2-elf/4.9.1/../../../../../H-x86_64-mingw32/nios2-elf/lib\libc.a(lib_a-wsetup.o)
 .data          0x00000000000a3844        0x0 d:/altera/15.0/nios2eds/bin/gnu/h-x86_64-mingw32/bin/../lib/gcc/nios2-elf/4.9.1/../../../../../H-x86_64-mingw32/nios2-elf/lib\libc.a(closer.o)
 .data          0x00000000000a3844        0x0 d:/altera/15.0/nios2eds/bin/gnu/h-x86_64-mingw32/bin/../lib/gcc/nios2-elf/4.9.1/../../../../../H-x86_64-mingw32/nios2-elf/lib\libc.a(lib_a-ctype_.o)
 .data          0x00000000000a3844        0x0 d:/altera/15.0/nios2eds/bin/gnu/h-x86_64-mingw32/bin/../lib/gcc/nios2-elf/4.9.1/../../../../../H-x86_64-mingw32/nios2-elf/lib\libc.a(lib_a-dtoa.o)
 .data          0x00000000000a3844        0x0 d:/altera/15.0/nios2eds/bin/gnu/h-x86_64-mingw32/bin/../lib/gcc/nios2-elf/4.9.1/../../../../../H-x86_64-mingw32/nios2-elf/lib\libc.a(lib_a-flags.o)
 .data          0x00000000000a3844        0x0 d:/altera/15.0/nios2eds/bin/gnu/h-x86_64-mingw32/bin/../lib/gcc/nios2-elf/4.9.1/../../../../../H-x86_64-mingw32/nios2-elf/lib\libc.a(lib_a-fvwrite.o)
 .data          0x00000000000a3844        0x0 d:/altera/15.0/nios2eds/bin/gnu/h-x86_64-mingw32/bin/../lib/gcc/nios2-elf/4.9.1/../../../../../H-x86_64-mingw32/nios2-elf/lib\libc.a(lib_a-isattyr.o)
 .data          0x00000000000a3844       0x78 d:/altera/15.0/nios2eds/bin/gnu/h-x86_64-mingw32/bin/../lib/gcc/nios2-elf/4.9.1/../../../../../H-x86_64-mingw32/nios2-elf/lib\libc.a(lib_a-locale.o)
 .data          0x00000000000a38bc        0x0 d:/altera/15.0/nios2eds/bin/gnu/h-x86_64-mingw32/bin/../lib/gcc/nios2-elf/4.9.1/../../../../../H-x86_64-mingw32/nios2-elf/lib\libc.a(lib_a-lseekr.o)
 .data          0x00000000000a38bc        0x0 d:/altera/15.0/nios2eds/bin/gnu/h-x86_64-mingw32/bin/../lib/gcc/nios2-elf/4.9.1/../../../../../H-x86_64-mingw32/nios2-elf/lib\libc.a(lib_a-memchr.o)
 .data          0x00000000000a38bc        0x0 d:/altera/15.0/nios2eds/bin/gnu/h-x86_64-mingw32/bin/../lib/gcc/nios2-elf/4.9.1/../../../../../H-x86_64-mingw32/nios2-elf/lib\libc.a(lib_a-memmove.o)
 .data          0x00000000000a38bc        0x0 d:/altera/15.0/nios2eds/bin/gnu/h-x86_64-mingw32/bin/../lib/gcc/nios2-elf/4.9.1/../../../../../H-x86_64-mingw32/nios2-elf/lib\libc.a(lib_a-mprec.o)
 .data          0x00000000000a38bc        0x0 d:/altera/15.0/nios2eds/bin/gnu/h-x86_64-mingw32/bin/../lib/gcc/nios2-elf/4.9.1/../../../../../H-x86_64-mingw32/nios2-elf/lib\libc.a(lib_a-putc.o)
 .data          0x00000000000a38bc        0x0 d:/altera/15.0/nios2eds/bin/gnu/h-x86_64-mingw32/bin/../lib/gcc/nios2-elf/4.9.1/../../../../../H-x86_64-mingw32/nios2-elf/lib\libc.a(lib_a-readr.o)
 .data          0x00000000000a38bc        0x0 d:/altera/15.0/nios2eds/bin/gnu/h-x86_64-mingw32/bin/../lib/gcc/nios2-elf/4.9.1/../../../../../H-x86_64-mingw32/nios2-elf/lib\libc.a(lib_a-reallocr.o)
 .data          0x00000000000a38bc        0x0 d:/altera/15.0/nios2eds/bin/gnu/h-x86_64-mingw32/bin/../lib/gcc/nios2-elf/4.9.1/../../../../../H-x86_64-mingw32/nios2-elf/lib\libc.a(lib_a-s_fpclassify.o)
 .data          0x00000000000a38bc        0x0 d:/altera/15.0/nios2eds/bin/gnu/h-x86_64-mingw32/bin/../lib/gcc/nios2-elf/4.9.1/../../../../../H-x86_64-mingw32/nios2-elf/lib\libc.a(lib_a-svfiprintf.o)
 .data          0x00000000000a38bc        0x0 d:/altera/15.0/nios2eds/bin/gnu/h-x86_64-mingw32/bin/../lib/gcc/nios2-elf/4.9.1/../../../../../H-x86_64-mingw32/nios2-elf/lib\libc.a(lib_a-vfiprintf.o)
 .data          0x00000000000a38bc        0x0 d:/altera/15.0/nios2eds/bin/gnu/h-x86_64-mingw32/bin/../lib/gcc/nios2-elf/4.9.1/../../../../../H-x86_64-mingw32/nios2-elf/lib\libc.a(lib_a-wbuf.o)
 .data          0x00000000000a38bc        0x0 d:/altera/15.0/nios2eds/bin/gnu/h-x86_64-mingw32/bin/../lib/gcc/nios2-elf/4.9.1/../../../../../H-x86_64-mingw32/nios2-elf/lib\libc.a(lib_a-callocr.o)
 .data          0x00000000000a38bc        0x0 d:/altera/15.0/nios2eds/bin/gnu/h-x86_64-mingw32/bin/../lib/gcc/nios2-elf/4.9.1/../../../../../H-x86_64-mingw32/nios2-elf/lib\libc.a(lib_a-fputwc.o)
 .data          0x00000000000a38bc        0x0 d:/altera/15.0/nios2eds/bin/gnu/h-x86_64-mingw32/bin/../lib/gcc/nios2-elf/4.9.1/../../../../../H-x86_64-mingw32/nios2-elf/lib\libc.a(lib_a-wcrtomb.o)
 .data          0x00000000000a38bc        0x0 d:/altera/15.0/nios2eds/bin/gnu/h-x86_64-mingw32/bin/../lib/gcc/nios2-elf/4.9.1/../../../../../H-x86_64-mingw32/nios2-elf/lib\libc.a(lib_a-wctomb_r.o)
 .data          0x00000000000a38bc        0x0 d:/altera/15.0/nios2eds/bin/gnu/h-x86_64-mingw32/bin/../lib/gcc/nios2-elf/4.9.1\libgcc.a(_udivdi3.o)
 .data          0x00000000000a38bc        0x0 d:/altera/15.0/nios2eds/bin/gnu/h-x86_64-mingw32/bin/../lib/gcc/nios2-elf/4.9.1\libgcc.a(_umoddi3.o)
 .data          0x00000000000a38bc        0x0 d:/altera/15.0/nios2eds/bin/gnu/h-x86_64-mingw32/bin/../lib/gcc/nios2-elf/4.9.1\libgcc.a(adddf3.o)
 .data          0x00000000000a38bc        0x0 d:/altera/15.0/nios2eds/bin/gnu/h-x86_64-mingw32/bin/../lib/gcc/nios2-elf/4.9.1\libgcc.a(eqdf2.o)
 .data          0x00000000000a38bc        0x0 d:/altera/15.0/nios2eds/bin/gnu/h-x86_64-mingw32/bin/../lib/gcc/nios2-elf/4.9.1\libgcc.a(gedf2.o)
 .data          0x00000000000a38bc        0x0 d:/altera/15.0/nios2eds/bin/gnu/h-x86_64-mingw32/bin/../lib/gcc/nios2-elf/4.9.1\libgcc.a(ledf2.o)
 .data          0x00000000000a38bc        0x0 d:/altera/15.0/nios2eds/bin/gnu/h-x86_64-mingw32/bin/../lib/gcc/nios2-elf/4.9.1\libgcc.a(muldf3.o)
 .data          0x00000000000a38bc        0x0 d:/altera/15.0/nios2eds/bin/gnu/h-x86_64-mingw32/bin/../lib/gcc/nios2-elf/4.9.1\libgcc.a(subdf3.o)
 .data          0x00000000000a38bc        0x0 d:/altera/15.0/nios2eds/bin/gnu/h-x86_64-mingw32/bin/../lib/gcc/nios2-elf/4.9.1\libgcc.a(fixdfsi.o)
 .data          0x00000000000a38bc        0x0 d:/altera/15.0/nios2eds/bin/gnu/h-x86_64-mingw32/bin/../lib/gcc/nios2-elf/4.9.1\libgcc.a(floatsidf.o)
 .data          0x00000000000a38bc        0x0 d:/altera/15.0/nios2eds/bin/gnu/h-x86_64-mingw32/bin/../lib/gcc/nios2-elf/4.9.1\libgcc.a(floatunsidf.o)
 .data          0x00000000000a38bc        0x0 ../DE2_115_SD_Card_Audio_Player_bsp/\libhal_bsp.a(alt_close.o)
 .data          0x00000000000a38bc      0x1a8 ../DE2_115_SD_Card_Audio_Player_bsp/\libhal_bsp.a(alt_dev.o)
                0x00000000000a38bc                alt_dev_null
                0x00000000000a38e4                alt_fd_list
 .data          0x00000000000a3a64        0x0 ../DE2_115_SD_Card_Audio_Player_bsp/\libhal_bsp.a(alt_errno.o)
 .data          0x00000000000a3a64        0x0 ../DE2_115_SD_Card_Audio_Player_bsp/\libhal_bsp.a(alt_fstat.o)
 .data          0x00000000000a3a64        0x0 ../DE2_115_SD_Card_Audio_Player_bsp/\libhal_bsp.a(alt_irq_register.o)
 .data          0x00000000000a3a64        0x0 ../DE2_115_SD_Card_Audio_Player_bsp/\libhal_bsp.a(alt_irq_vars.o)
 .data          0x00000000000a3a64        0x0 ../DE2_115_SD_Card_Audio_Player_bsp/\libhal_bsp.a(alt_isatty.o)
 .data          0x00000000000a3a64        0x0 ../DE2_115_SD_Card_Audio_Player_bsp/\libhal_bsp.a(alt_load.o)
 .data          0x00000000000a3a64        0x0 ../DE2_115_SD_Card_Audio_Player_bsp/\libhal_bsp.a(alt_lseek.o)
 .data          0x00000000000a3a64        0x0 ../DE2_115_SD_Card_Audio_Player_bsp/\libhal_bsp.a(alt_main.o)
 .data          0x00000000000a3a64        0x0 ../DE2_115_SD_Card_Audio_Player_bsp/\libhal_bsp.a(alt_malloc_lock.o)
 .data          0x00000000000a3a64        0x0 ../DE2_115_SD_Card_Audio_Player_bsp/\libhal_bsp.a(alt_open.o)
 .data          0x00000000000a3a64        0x0 ../DE2_115_SD_Card_Audio_Player_bsp/\libhal_bsp.a(alt_read.o)
 .data          0x00000000000a3a64        0x0 ../DE2_115_SD_Card_Audio_Player_bsp/\libhal_bsp.a(alt_release_fd.o)
 .data          0x00000000000a3a64        0x0 ../DE2_115_SD_Card_Audio_Player_bsp/\libhal_bsp.a(alt_sbrk.o)
 .data          0x00000000000a3a64        0x0 ../DE2_115_SD_Card_Audio_Player_bsp/\libhal_bsp.a(alt_tick.o)
 .data          0x00000000000a3a64        0x0 ../DE2_115_SD_Card_Audio_Player_bsp/\libhal_bsp.a(alt_usleep.o)
 .data          0x00000000000a3a64        0x0 ../DE2_115_SD_Card_Audio_Player_bsp/\libhal_bsp.a(alt_write.o)
 .data          0x00000000000a3a64     0x1320 ../DE2_115_SD_Card_Audio_Player_bsp/\libhal_bsp.a(alt_sys_init.o)
 .data          0x00000000000a4d84        0x0 ../DE2_115_SD_Card_Audio_Player_bsp/\libhal_bsp.a(altera_avalon_cfi_flash.o)
 .data          0x00000000000a4d84        0x0 ../DE2_115_SD_Card_Audio_Player_bsp/\libhal_bsp.a(altera_avalon_cfi_flash_table.o)
 .data          0x00000000000a4d84        0x0 ../DE2_115_SD_Card_Audio_Player_bsp/\libhal_bsp.a(altera_avalon_jtag_uart_fd.o)
 .data          0x00000000000a4d84        0x0 ../DE2_115_SD_Card_Audio_Player_bsp/\libhal_bsp.a(altera_avalon_jtag_uart_init.o)
 .data          0x00000000000a4d84        0x0 ../DE2_115_SD_Card_Audio_Player_bsp/\libhal_bsp.a(altera_avalon_jtag_uart_ioctl.o)
 .data          0x00000000000a4d84        0x0 ../DE2_115_SD_Card_Audio_Player_bsp/\libhal_bsp.a(altera_avalon_jtag_uart_read.o)
 .data          0x00000000000a4d84        0x0 ../DE2_115_SD_Card_Audio_Player_bsp/\libhal_bsp.a(altera_avalon_jtag_uart_write.o)
 .data          0x00000000000a4d84        0x0 ../DE2_115_SD_Card_Audio_Player_bsp/\libhal_bsp.a(altera_avalon_lcd_16207.o)
 .data          0x00000000000a4d84        0x0 ../DE2_115_SD_Card_Audio_Player_bsp/\libhal_bsp.a(altera_avalon_lcd_16207_fd.o)
 .data          0x00000000000a4d84        0x0 ../DE2_115_SD_Card_Audio_Player_bsp/\libhal_bsp.a(altera_avalon_timer_sc.o)
 .data          0x00000000000a4d84        0x0 ../DE2_115_SD_Card_Audio_Player_bsp/\libhal_bsp.a(altera_avalon_uart_fd.o)
 .data          0x00000000000a4d84        0x0 ../DE2_115_SD_Card_Audio_Player_bsp/\libhal_bsp.a(altera_avalon_uart_init.o)
 .data          0x00000000000a4d84        0x0 ../DE2_115_SD_Card_Audio_Player_bsp/\libhal_bsp.a(altera_avalon_uart_read.o)
 .data          0x00000000000a4d84        0x0 ../DE2_115_SD_Card_Audio_Player_bsp/\libhal_bsp.a(altera_avalon_uart_write.o)
 .data          0x00000000000a4d84        0x0 ../DE2_115_SD_Card_Audio_Player_bsp/\libhal_bsp.a(alt_alarm_start.o)
 .data          0x00000000000a4d84        0x0 ../DE2_115_SD_Card_Audio_Player_bsp/\libhal_bsp.a(alt_busy_sleep.o)
 .data          0x00000000000a4d84        0x0 ../DE2_115_SD_Card_Audio_Player_bsp/\libhal_bsp.a(alt_dcache_flush.o)
 .data          0x00000000000a4d84        0x0 ../DE2_115_SD_Card_Audio_Player_bsp/\libhal_bsp.a(alt_dcache_flush_all.o)
 .data          0x00000000000a4d84        0x0 ../DE2_115_SD_Card_Audio_Player_bsp/\libhal_bsp.a(alt_dev_llist_insert.o)
 .data          0x00000000000a4d84        0x0 ../DE2_115_SD_Card_Audio_Player_bsp/\libhal_bsp.a(alt_do_ctors.o)
 .data          0x00000000000a4d84        0x0 ../DE2_115_SD_Card_Audio_Player_bsp/\libhal_bsp.a(alt_do_dtors.o)
 .data          0x00000000000a4d84        0x0 ../DE2_115_SD_Card_Audio_Player_bsp/\libhal_bsp.a(alt_find_dev.o)
 .data          0x00000000000a4d84        0x0 ../DE2_115_SD_Card_Audio_Player_bsp/\libhal_bsp.a(alt_find_file.o)
 .data          0x00000000000a4d84        0x0 ../DE2_115_SD_Card_Audio_Player_bsp/\libhal_bsp.a(alt_flash_dev.o)
 .data          0x00000000000a4d84        0x0 ../DE2_115_SD_Card_Audio_Player_bsp/\libhal_bsp.a(alt_get_fd.o)
 .data          0x00000000000a4d84        0x0 ../DE2_115_SD_Card_Audio_Player_bsp/\libhal_bsp.a(alt_icache_flush_all.o)
 .data          0x00000000000a4d84        0x0 ../DE2_115_SD_Card_Audio_Player_bsp/\libhal_bsp.a(alt_iic.o)
 .data          0x00000000000a4d84        0x0 ../DE2_115_SD_Card_Audio_Player_bsp/\libhal_bsp.a(alt_iic_isr_register.o)
 .data          0x00000000000a4d84        0x0 ../DE2_115_SD_Card_Audio_Player_bsp/\libhal_bsp.a(alt_io_redirect.o)
 .data          0x00000000000a4d84        0x0 ../DE2_115_SD_Card_Audio_Player_bsp/\libhal_bsp.a(alt_irq_entry.o)
 .data          0x00000000000a4d84        0x0 ../DE2_115_SD_Card_Audio_Player_bsp/\libhal_bsp.a(alt_irq_handler.o)
 .data          0x00000000000a4d84        0x0 ../DE2_115_SD_Card_Audio_Player_bsp/\libhal_bsp.a(altera_nios2_gen2_irq.o)
 .data          0x00000000000a4d84        0x0 ../DE2_115_SD_Card_Audio_Player_bsp/\libhal_bsp.a(altera_avalon_cfi_flash_amd.o)
 .data          0x00000000000a4d84        0x0 ../DE2_115_SD_Card_Audio_Player_bsp/\libhal_bsp.a(altera_avalon_cfi_flash_intel.o)
 .data          0x00000000000a4d84        0x0 ../DE2_115_SD_Card_Audio_Player_bsp/\libhal_bsp.a(alt_exception_entry.o)
 .data          0x00000000000a4d84        0x0 ../DE2_115_SD_Card_Audio_Player_bsp/\libhal_bsp.a(alt_icache_flush.o)
 .data          0x00000000000a4d84        0x0 ../DE2_115_SD_Card_Audio_Player_bsp/\libhal_bsp.a(alt_instruction_exception_entry.o)
 .data          0x00000000000a4d84        0x0 d:/altera/15.0/nios2eds/bin/gnu/h-x86_64-mingw32/bin/../lib/gcc/nios2-elf/4.9.1/../../../../../H-x86_64-mingw32/nios2-elf/lib\libc.a(lib_a-atexit.o)
 .data          0x00000000000a4d84        0x0 d:/altera/15.0/nios2eds/bin/gnu/h-x86_64-mingw32/bin/../lib/gcc/nios2-elf/4.9.1/../../../../../H-x86_64-mingw32/nios2-elf/lib\libc.a(lib_a-exit.o)
 .data          0x00000000000a4d84        0x0 d:/altera/15.0/nios2eds/bin/gnu/h-x86_64-mingw32/bin/../lib/gcc/nios2-elf/4.9.1/../../../../../H-x86_64-mingw32/nios2-elf/lib\libc.a(lib_a-memcmp.o)
 .data          0x00000000000a4d84        0x0 d:/altera/15.0/nios2eds/bin/gnu/h-x86_64-mingw32/bin/../lib/gcc/nios2-elf/4.9.1/../../../../../H-x86_64-mingw32/nios2-elf/lib\libc.a(lib_a-__atexit.o)
 .data          0x00000000000a4d84        0x0 d:/altera/15.0/nios2eds/bin/gnu/h-x86_64-mingw32/bin/../lib/gcc/nios2-elf/4.9.1/../../../../../H-x86_64-mingw32/nios2-elf/lib\libc.a(lib_a-__call_atexit.o)
 .data          0x00000000000a4d84        0x0 ../DE2_115_SD_Card_Audio_Player_bsp/\libhal_bsp.a(alt_exit.o)
                0x00000000000acd84                _gp = ABSOLUTE ((. + 0x8000))
                0x00000000000acd84                PROVIDE (gp, _gp)
 *(.rwdata .rwdata.*)
 *(.sdata .sdata.* .gnu.linkonce.s.*)
 .sdata         0x00000000000a4d84        0xc obj/default/main.o
 .sdata         0x00000000000a4d90        0x8 d:/altera/15.0/nios2eds/bin/gnu/h-x86_64-mingw32/bin/../lib/gcc/nios2-elf/4.9.1/../../../../../H-x86_64-mingw32/nios2-elf/lib\libc.a(lib_a-impure.o)
                0x00000000000a4d90                _global_impure_ptr
                0x00000000000a4d94                _impure_ptr
 .sdata         0x00000000000a4d98        0x8 d:/altera/15.0/nios2eds/bin/gnu/h-x86_64-mingw32/bin/../lib/gcc/nios2-elf/4.9.1/../../../../../H-x86_64-mingw32/nios2-elf/lib\libc.a(lib_a-mallocr.o)
                0x00000000000a4d98                __malloc_sbrk_base
                0x00000000000a4d9c                __malloc_trim_threshold
 .sdata         0x00000000000a4da0        0x4 d:/altera/15.0/nios2eds/bin/gnu/h-x86_64-mingw32/bin/../lib/gcc/nios2-elf/4.9.1/../../../../../H-x86_64-mingw32/nios2-elf/lib\libc.a(lib_a-ctype_.o)
                0x00000000000a4da0                __ctype_ptr__
 .sdata         0x00000000000a4da4        0x4 d:/altera/15.0/nios2eds/bin/gnu/h-x86_64-mingw32/bin/../lib/gcc/nios2-elf/4.9.1/../../../../../H-x86_64-mingw32/nios2-elf/lib\libc.a(lib_a-locale.o)
                0x00000000000a4da4                __mb_cur_max
 .sdata         0x00000000000a4da8        0x4 d:/altera/15.0/nios2eds/bin/gnu/h-x86_64-mingw32/bin/../lib/gcc/nios2-elf/4.9.1/../../../../../H-x86_64-mingw32/nios2-elf/lib\libc.a(lib_a-wctomb_r.o)
                0x00000000000a4da8                __wctomb
 .sdata         0x00000000000a4dac       0x14 ../DE2_115_SD_Card_Audio_Player_bsp/\libhal_bsp.a(alt_dev.o)
                0x00000000000a4dac                alt_fs_list
                0x00000000000a4db4                alt_dev_list
                0x00000000000a4dbc                alt_max_fd
 .sdata         0x00000000000a4dc0        0x4 ../DE2_115_SD_Card_Audio_Player_bsp/\libhal_bsp.a(alt_errno.o)
                0x00000000000a4dc0                alt_errno
 .sdata         0x00000000000a4dc4        0x4 ../DE2_115_SD_Card_Audio_Player_bsp/\libhal_bsp.a(alt_irq_vars.o)
                0x00000000000a4dc4                alt_priority_mask
 .sdata         0x00000000000a4dc8        0x4 ../DE2_115_SD_Card_Audio_Player_bsp/\libhal_bsp.a(alt_sbrk.o)
 .sdata         0x00000000000a4dcc        0x8 ../DE2_115_SD_Card_Audio_Player_bsp/\libhal_bsp.a(alt_tick.o)
                0x00000000000a4dcc                alt_alarm_list
 .sdata         0x00000000000a4dd4        0x4 ../DE2_115_SD_Card_Audio_Player_bsp/\libhal_bsp.a(altera_avalon_lcd_16207.o)
 .sdata         0x00000000000a4dd8        0x8 ../DE2_115_SD_Card_Audio_Player_bsp/\libhal_bsp.a(alt_flash_dev.o)
                0x00000000000a4dd8                alt_flash_dev_list
 *(.sdata2 .sdata2.* .gnu.linkonce.s2.*)
                0x00000000000a4de0                . = ALIGN (0x4)
                0x00000000000a4de0                _edata = ABSOLUTE (.)
                0x00000000000a4de0                PROVIDE (edata, ABSOLUTE (.))
                0x00000000000a4de0                PROVIDE (__ram_rwdata_end, ABSOLUTE (.))
                0x00000000000a4de0                PROVIDE (__flash_rwdata_start, LOADADDR (.rwdata))

.bss            0x00000000000a6bb8     0x368c
                0x00000000000a6bb8                __bss_start = ABSOLUTE (.)
                0x00000000000a6bb8                PROVIDE (__sbss_start, ABSOLUTE (.))
                0x00000000000a6bb8                PROVIDE (___sbss_start, ABSOLUTE (.))
 *(.dynsbss)
 *(.sbss .sbss.* .gnu.linkonce.sb.*)
 .sbss          0x00000000000a6bb8       0x3c obj/default/main.o
 .sbss          0x00000000000a6bf4        0x4 obj/default/terasic_lib/LCD.o
 .sbss          0x00000000000a6bf8        0x4 d:/altera/15.0/nios2eds/bin/gnu/h-x86_64-mingw32/bin/../lib/gcc/nios2-elf/4.9.1/../../../../../H-x86_64-mingw32/nios2-elf/lib\libc.a(lib_a-int_errno.o)
                0x00000000000a6bf8                errno
 .sbss          0x00000000000a6bfc        0xc d:/altera/15.0/nios2eds/bin/gnu/h-x86_64-mingw32/bin/../lib/gcc/nios2-elf/4.9.1/../../../../../H-x86_64-mingw32/nios2-elf/lib\libc.a(lib_a-mallocr.o)
                0x00000000000a6bfc                __malloc_max_total_mem
                0x00000000000a6c00                __malloc_max_sbrked_mem
                0x00000000000a6c04                __malloc_top_pad
 .sbss          0x00000000000a6c08        0xc d:/altera/15.0/nios2eds/bin/gnu/h-x86_64-mingw32/bin/../lib/gcc/nios2-elf/4.9.1/../../../../../H-x86_64-mingw32/nios2-elf/lib\libc.a(lib_a-locale.o)
                0x00000000000a6c08                _PathLocale
                0x00000000000a6c0c                __mlocale_changed
                0x00000000000a6c10                __nlocale_changed
 .sbss          0x00000000000a6c14        0x4 ../DE2_115_SD_Card_Audio_Player_bsp/\libhal_bsp.a(alt_irq_vars.o)
                0x00000000000a6c14                alt_irq_active
 .sbss          0x00000000000a6c18        0xc ../DE2_115_SD_Card_Audio_Player_bsp/\libhal_bsp.a(alt_main.o)
                0x00000000000a6c18                alt_argc
                0x00000000000a6c1c                alt_argv
                0x00000000000a6c20                alt_envp
 .sbss          0x00000000000a6c24        0x8 ../DE2_115_SD_Card_Audio_Player_bsp/\libhal_bsp.a(alt_tick.o)
                0x00000000000a6c24                _alt_tick_rate
                0x00000000000a6c28                _alt_nticks
 .sbss          0x00000000000a6c2c        0x4 ../DE2_115_SD_Card_Audio_Player_bsp/\libhal_bsp.a(alt_instruction_exception_entry.o)
                0x00000000000a6c2c                alt_instruction_exception_handler
 *(.sbss2 .sbss2.* .gnu.linkonce.sb2.*)
 *(.scommon)
                0x00000000000a6c30                PROVIDE (__sbss_end, ABSOLUTE (.))
                0x00000000000a6c30                PROVIDE (___sbss_end, ABSOLUTE (.))
 *(.dynbss)
 *(.bss .bss.* .gnu.linkonce.b.*)
 .bss           0x00000000000a6c30        0x0 ../DE2_115_SD_Card_Audio_Player_bsp//obj/HAL/src/crt0.o
 .bss           0x00000000000a6c30     0x348c obj/default/main.o
 .bss           0x00000000000aa0bc        0x0 obj/default/terasic_fat/FatFileSystem.o
 .bss           0x00000000000aa0bc        0x0 obj/default/terasic_fat/FatInternal.o
 .bss           0x00000000000aa0bc       0x28 obj/default/terasic_lib/AUDIO.o
 .bss           0x00000000000aa0e4        0x0 obj/default/terasic_lib/I2C.o
 .bss           0x00000000000aa0e4        0x0 obj/default/terasic_lib/LCD.o
 .bss           0x00000000000aa0e4        0x0 obj/default/terasic_lib/LED.o
 .bss           0x00000000000aa0e4        0x0 obj/default/terasic_lib/SEG7.o
 .bss           0x00000000000aa0e4        0x0 obj/default/terasic_lib/WaveLib.o
 .bss           0x00000000000aa0e4        0x0 obj/default/terasic_lib/debug.o
 .bss           0x00000000000aa0e4        0x0 obj/default/terasic_sdcard/crc16.o
 .bss           0x00000000000aa0e4        0x0 obj/default/terasic_sdcard/crc7.o
 .bss           0x00000000000aa0e4        0x0 obj/default/terasic_sdcard/sd_hal.o
 .bss           0x00000000000aa0e4       0x38 obj/default/terasic_sdcard/sd_lib.o
 .bss           0x00000000000aa11c        0x0 obj/default/terasic_sdcard/sd_protocol.o
 .bss           0x00000000000aa11c        0x0 d:/altera/15.0/nios2eds/bin/gnu/h-x86_64-mingw32/bin/../lib/gcc/nios2-elf/4.9.1\libgcc.a(lib2-divmod.o)
 .bss           0x00000000000aa11c        0x0 d:/altera/15.0/nios2eds/bin/gnu/h-x86_64-mingw32/bin/../lib/gcc/nios2-elf/4.9.1\libgcc.a(divsf3.o)
 .bss           0x00000000000aa11c        0x0 d:/altera/15.0/nios2eds/bin/gnu/h-x86_64-mingw32/bin/../lib/gcc/nios2-elf/4.9.1\libgcc.a(mulsf3.o)
 .bss           0x00000000000aa11c        0x0 d:/altera/15.0/nios2eds/bin/gnu/h-x86_64-mingw32/bin/../lib/gcc/nios2-elf/4.9.1\libgcc.a(floatunsisf.o)
 .bss           0x00000000000aa11c        0x0 d:/altera/15.0/nios2eds/bin/gnu/h-x86_64-mingw32/bin/../lib/gcc/nios2-elf/4.9.1\libgcc.a(divdf3.o)
 .bss           0x00000000000aa11c        0x0 d:/altera/15.0/nios2eds/bin/gnu/h-x86_64-mingw32/bin/../lib/gcc/nios2-elf/4.9.1\libgcc.a(extendsfdf2.o)
 .bss           0x00000000000aa11c        0x0 d:/altera/15.0/nios2eds/bin/gnu/h-x86_64-mingw32/bin/../lib/gcc/nios2-elf/4.9.1\libgcc.a(truncdfsf2.o)
 .bss           0x00000000000aa11c        0x0 d:/altera/15.0/nios2eds/bin/gnu/h-x86_64-mingw32/bin/../lib/gcc/nios2-elf/4.9.1\libgcc.a(_clzsi2.o)
 .bss           0x00000000000aa11c        0x0 d:/altera/15.0/nios2eds/bin/gnu/h-x86_64-mingw32/bin/../lib/gcc/nios2-elf/4.9.1\libgcc.a(_clz.o)
 .bss           0x00000000000aa11c        0x0 d:/altera/15.0/nios2eds/bin/gnu/h-x86_64-mingw32/bin/../lib/gcc/nios2-elf/4.9.1/../../../../../H-x86_64-mingw32/nios2-elf/lib\libc.a(lib_a-fclose.o)
 .bss           0x00000000000aa11c        0x0 d:/altera/15.0/nios2eds/bin/gnu/h-x86_64-mingw32/bin/../lib/gcc/nios2-elf/4.9.1/../../../../../H-x86_64-mingw32/nios2-elf/lib\libc.a(lib_a-fflush.o)
 .bss           0x00000000000aa11c        0x0 d:/altera/15.0/nios2eds/bin/gnu/h-x86_64-mingw32/bin/../lib/gcc/nios2-elf/4.9.1/../../../../../H-x86_64-mingw32/nios2-elf/lib\libc.a(lib_a-findfp.o)
 .bss           0x00000000000aa11c        0x0 d:/altera/15.0/nios2eds/bin/gnu/h-x86_64-mingw32/bin/../lib/gcc/nios2-elf/4.9.1/../../../../../H-x86_64-mingw32/nios2-elf/lib\libc.a(lib_a-fopen.o)
 .bss           0x00000000000aa11c        0x0 d:/altera/15.0/nios2eds/bin/gnu/h-x86_64-mingw32/bin/../lib/gcc/nios2-elf/4.9.1/../../../../../H-x86_64-mingw32/nios2-elf/lib\libc.a(lib_a-freer.o)
 .bss           0x00000000000aa11c        0x0 d:/altera/15.0/nios2eds/bin/gnu/h-x86_64-mingw32/bin/../lib/gcc/nios2-elf/4.9.1/../../../../../H-x86_64-mingw32/nios2-elf/lib\libc.a(lib_a-fseek.o)
 .bss           0x00000000000aa11c        0x0 d:/altera/15.0/nios2eds/bin/gnu/h-x86_64-mingw32/bin/../lib/gcc/nios2-elf/4.9.1/../../../../../H-x86_64-mingw32/nios2-elf/lib\libc.a(lib_a-fstatr.o)
 .bss           0x00000000000aa11c        0x0 d:/altera/15.0/nios2eds/bin/gnu/h-x86_64-mingw32/bin/../lib/gcc/nios2-elf/4.9.1/../../../../../H-x86_64-mingw32/nios2-elf/lib\libc.a(lib_a-fwalk.o)
 .bss           0x00000000000aa11c        0x0 d:/altera/15.0/nios2eds/bin/gnu/h-x86_64-mingw32/bin/../lib/gcc/nios2-elf/4.9.1/../../../../../H-x86_64-mingw32/nios2-elf/lib\libc.a(lib_a-fwrite.o)
 .bss           0x00000000000aa11c        0x0 d:/altera/15.0/nios2eds/bin/gnu/h-x86_64-mingw32/bin/../lib/gcc/nios2-elf/4.9.1/../../../../../H-x86_64-mingw32/nios2-elf/lib\libc.a(lib_a-impure.o)
 .bss           0x00000000000aa11c        0x0 d:/altera/15.0/nios2eds/bin/gnu/h-x86_64-mingw32/bin/../lib/gcc/nios2-elf/4.9.1/../../../../../H-x86_64-mingw32/nios2-elf/lib\libc.a(lib_a-int_errno.o)
 .bss           0x00000000000aa11c        0x0 d:/altera/15.0/nios2eds/bin/gnu/h-x86_64-mingw32/bin/../lib/gcc/nios2-elf/4.9.1/../../../../../H-x86_64-mingw32/nios2-elf/lib\libc.a(lib_a-makebuf.o)
 .bss           0x00000000000aa11c        0x0 d:/altera/15.0/nios2eds/bin/gnu/h-x86_64-mingw32/bin/../lib/gcc/nios2-elf/4.9.1/../../../../../H-x86_64-mingw32/nios2-elf/lib\libc.a(lib_a-malloc.o)
 .bss           0x00000000000aa11c       0x28 d:/altera/15.0/nios2eds/bin/gnu/h-x86_64-mingw32/bin/../lib/gcc/nios2-elf/4.9.1/../../../../../H-x86_64-mingw32/nios2-elf/lib\libc.a(lib_a-mallocr.o)