------------------------------------------------------------
TimeQuest Timing Analyzer Summary
------------------------------------------------------------

Type  : Slow 1200mV 85C Model Setup 'CLOCK_50'
Slack : -65.574
TNS   : -480.449

Type  : Slow 1200mV 85C Model Setup 'u0|altpll|sd1|pll7|clk[0]'
Slack : -4.276
TNS   : -946.377

Type  : Slow 1200mV 85C Model Setup 'u0|altpll_audio|sd1|pll7|clk[0]'
Slack : 21.254
TNS   : 0.000

Type  : Slow 1200mV 85C Model Setup 'altera_reserved_tck'
Slack : 46.806
TNS   : 0.000

Type  : Slow 1200mV 85C Model Hold 'u0|altpll|sd1|pll7|clk[0]'
Slack : 0.336
TNS   : 0.000

Type  : Slow 1200mV 85C Model Hold 'CLOCK_50'
Slack : 0.385
TNS   : 0.000

Type  : Slow 1200mV 85C Model Hold 'u0|altpll_audio|sd1|pll7|clk[0]'
Slack : 0.386
TNS   : 0.000

Type  : Slow 1200mV 85C Model Hold 'altera_reserved_tck'
Slack : 0.402
TNS   : 0.000

Type  : Slow 1200mV 85C Model Recovery 'u0|altpll|sd1|pll7|clk[0]'
Slack : 4.894
TNS   : 0.000

Type  : Slow 1200mV 85C Model Recovery 'CLOCK_50'
Slack : 12.288
TNS   : 0.000

Type  : Slow 1200mV 85C Model Recovery 'altera_reserved_tck'
Slack : 48.000
TNS   : 0.000

Type  : Slow 1200mV 85C Model Recovery 'u0|altpll_audio|sd1|pll7|clk[0]'
Slack : 49.064
TNS   : 0.000

Type  : Slow 1200mV 85C Model Removal 'u0|altpll_audio|sd1|pll7|clk[0]'
Slack : 1.024
TNS   : 0.000

Type  : Slow 1200mV 85C Model Removal 'altera_reserved_tck'
Slack : 1.402
TNS   : 0.000

Type  : Slow 1200mV 85C Model Removal 'u0|altpll|sd1|pll7|clk[0]'
Slack : 3.818
TNS   : 0.000

Type  : Slow 1200mV 85C Model Removal 'CLOCK_50'
Slack : 5.970
TNS   : 0.000

Type  : Slow 1200mV 85C Model Minimum Pulse Width 'u0|altpll|sd1|pll7|clk[0]'
Slack : 4.617
TNS   : 0.000

Type  : Slow 1200mV 85C Model Minimum Pulse Width 'CLOCK_50'
Slack : 9.675
TNS   : 0.000

Type  : Slow 1200mV 85C Model Minimum Pulse Width 'CLOCK2_50'
Slack : 16.000
TNS   : 0.000

Type  : Slow 1200mV 85C Model Minimum Pulse Width 'CLOCK3_50'
Slack : 16.000
TNS   : 0.000

Type  : Slow 1200mV 85C Model Minimum Pulse Width 'u0|altpll_audio|sd1|pll7|clk[0]'
Slack : 26.821
TNS   : 0.000

Type  : Slow 1200mV 85C Model Minimum Pulse Width 'altera_reserved_tck'
Slack : 49.550
TNS   : 0.000

Type  : Slow 1200mV 0C Model Setup 'CLOCK_50'
Slack : -56.979
TNS   : -412.781

Type  : Slow 1200mV 0C Model Setup 'u0|altpll|sd1|pll7|clk[0]'
Slack : -3.046
TNS   : -531.729

Type  : Slow 1200mV 0C Model Setup 'u0|altpll_audio|sd1|pll7|clk[0]'
Slack : 21.731
TNS   : 0.000

Type  : Slow 1200mV 0C Model Setup 'altera_reserved_tck'
Slack : 47.171
TNS   : 0.000

Type  : Slow 1200mV 0C Model Hold 'u0|altpll|sd1|pll7|clk[0]'
Slack : 0.335
TNS   : 0.000

Type  : Slow 1200mV 0C Model Hold 'u0|altpll_audio|sd1|pll7|clk[0]'
Slack : 0.337
TNS   : 0.000

Type  : Slow 1200mV 0C Model Hold 'CLOCK_50'
Slack : 0.338
TNS   : 0.000

Type  : Slow 1200mV 0C Model Hold 'altera_reserved_tck'
Slack : 0.353
TNS   : 0.000

Type  : Slow 1200mV 0C Model Recovery 'u0|altpll|sd1|pll7|clk[0]'
Slack : 5.386
TNS   : 0.000

Type  : Slow 1200mV 0C Model Recovery 'CLOCK_50'
Slack : 12.918
TNS   : 0.000

Type  : Slow 1200mV 0C Model Recovery 'altera_reserved_tck'
Slack : 48.291
TNS   : 0.000

Type  : Slow 1200mV 0C Model Recovery 'u0|altpll_audio|sd1|pll7|clk[0]'
Slack : 49.552
TNS   : 0.000

Type  : Slow 1200mV 0C Model Removal 'u0|altpll_audio|sd1|pll7|clk[0]'
Slack : 0.916
TNS   : 0.000

Type  : Slow 1200mV 0C Model Removal 'altera_reserved_tck'
Slack : 1.287
TNS   : 0.000

Type  : Slow 1200mV 0C Model Removal 'u0|altpll|sd1|pll7|clk[0]'
Slack : 3.446
TNS   : 0.000

Type  : Slow 1200mV 0C Model Removal 'CLOCK_50'
Slack : 5.335
TNS   : 0.000

Type  : Slow 1200mV 0C Model Minimum Pulse Width 'u0|altpll|sd1|pll7|clk[0]'
Slack : 4.653
TNS   : 0.000

Type  : Slow 1200mV 0C Model Minimum Pulse Width 'CLOCK_50'
Slack : 9.623
TNS   : 0.000

Type  : Slow 1200mV 0C Model Minimum Pulse Width 'CLOCK2_50'
Slack : 16.000
TNS   : 0.000

Type  : Slow 1200mV 0C Model Minimum Pulse Width 'CLOCK3_50'
Slack : 16.000
TNS   : 0.000

Type  : Slow 1200mV 0C Model Minimum Pulse Width 'u0|altpll_audio|sd1|pll7|clk[0]'
Slack : 26.810
TNS   : 0.000

Type  : Slow 1200mV 0C Model Minimum Pulse Width 'altera_reserved_tck'
Slack : 49.479
TNS   : 0.000

Type  : Fast 1200mV 0C Model Setup 'CLOCK_50'
Slack : -22.152
TNS   : -134.135

Type  : Fast 1200mV 0C Model Setup 'u0|altpll|sd1|pll7|clk[0]'
Slack : 0.913
TNS   : 0.000

Type  : Fast 1200mV 0C Model Setup 'u0|altpll_audio|sd1|pll7|clk[0]'
Slack : 24.208
TNS   : 0.000

Type  : Fast 1200mV 0C Model Setup 'altera_reserved_tck'
Slack : 48.766
TNS   : 0.000

Type  : Fast 1200mV 0C Model Hold 'u0|altpll|sd1|pll7|clk[0]'
Slack : 0.136
TNS   : 0.000

Type  : Fast 1200mV 0C Model Hold 'CLOCK_50'
Slack : 0.173
TNS   : 0.000

Type  : Fast 1200mV 0C Model Hold 'u0|altpll_audio|sd1|pll7|clk[0]'
Slack : 0.174
TNS   : 0.000

Type  : Fast 1200mV 0C Model Hold 'altera_reserved_tck'
Slack : 0.181
TNS   : 0.000

Type  : Fast 1200mV 0C Model Recovery 'u0|altpll|sd1|pll7|clk[0]'
Slack : 7.249
TNS   : 0.000

Type  : Fast 1200mV 0C Model Recovery 'CLOCK_50'
Slack : 15.805
TNS   : 0.000

Type  : Fast 1200mV 0C Model Recovery 'altera_reserved_tck'
Slack : 49.326
TNS   : 0.000

Type  : Fast 1200mV 0C Model Recovery 'u0|altpll_audio|sd1|pll7|clk[0]'
Slack : 51.460
TNS   : 0.000

Type  : Fast 1200mV 0C Model Removal 'u0|altpll_audio|sd1|pll7|clk[0]'
Slack : 0.475
TNS   : 0.000

Type  : Fast 1200mV 0C Model Removal 'altera_reserved_tck'
Slack : 0.663
TNS   : 0.000

Type  : Fast 1200mV 0C Model Removal 'u0|altpll|sd1|pll7|clk[0]'
Slack : 1.980
TNS   : 0.000

Type  : Fast 1200mV 0C Model Removal 'CLOCK_50'
Slack : 3.080
TNS   : 0.000

Type  : Fast 1200mV 0C Model Minimum Pulse Width 'u0|altpll|sd1|pll7|clk[0]'
Slack : 4.748
TNS   : 0.000

Type  : Fast 1200mV 0C Model Minimum Pulse Width 'CLOCK_50'
Slack : 9.237
TNS   : 0.000

Type  : Fast 1200mV 0C Model Minimum Pulse Width 'CLOCK2_50'
Slack : 16.000
TNS   : 0.000

Type  : Fast 1200mV 0C Model Minimum Pulse Width 'CLOCK3_50'
Slack : 16.000
TNS   : 0.000

Type  : Fast 1200mV 0C Model Minimum Pulse Width 'u0|altpll_audio|sd1|pll7|clk[0]'
Slack : 26.886
TNS   : 0.000

Type  : Fast 1200mV 0C Model Minimum Pulse Width 'altera_reserved_tck'
Slack : 49.301
TNS   : 0.000

------------------------------------------------------------
